Java HotSpot(TM) 64-Bit Server VM (25.144-b01) for windows-amd64 JRE (1.8.0_144-b01), built on Jul 21 2017 21:57:33 by "java_re" with MS VC++ 10.0 (VS2010)
Memory: 4k page, physical 33414164k(19520168k free), swap 38394900k(22104944k free)
CommandLine flags: -XX:InitialHeapSize=1073741824 -XX:MaxHeapSize=21474836480 -XX:MaxNewSize=697933824 -XX:MaxTenuringThreshold=6 -XX:NewSize=697933824 -XX:OldPLABSize=16 -XX:OldSize=1395867648 -XX:+PrintGC -XX:+PrintGCDetails -XX:+PrintGCTimeStamps -XX:+UseCompressedClassPointers -XX:+UseCompressedOops -XX:+UseConcMarkSweepGC -XX:-UseLargePagesIndividualAllocation -XX:+UseParNewGC 
2.220: [GC (CMS Initial Mark) [1 CMS-initial-mark: 0K(367040K)] 163684K(980480K), 0.0291679 secs] [Times: user=0.03 sys=0.00, real=0.03 secs] 
2.249: [CMS-concurrent-mark-start]
2.251: [CMS-concurrent-mark: 0.002/0.002 secs] [Times: user=0.00 sys=0.00, real=0.00 secs] 
2.251: [CMS-concurrent-preclean-start]
2.255: [CMS-concurrent-preclean: 0.004/0.004 secs] [Times: user=0.00 sys=0.00, real=0.00 secs] 
2.255: [CMS-concurrent-abortable-preclean-start]
4.787: [GC (Allocation Failure) 4.787: [ParNew: 545344K->17794K(613440K), 0.0175363 secs] 545344K->17794K(980480K), 0.0176053 secs] [Times: user=0.11 sys=0.00, real=0.02 secs] 
5.239: [CMS-concurrent-abortable-preclean: 0.544/2.984 secs] [Times: user=5.16 sys=1.00, real=2.98 secs] 
5.239: [GC (CMS Final Remark) [YG occupancy: 292176 K (613440 K)]5.239: [Rescan (parallel) , 0.0350681 secs]5.274: [weak refs processing, 0.0000431 secs]5.274: [class unloading, 0.0062191 secs]5.281: [scrub symbol table, 0.0079569 secs]5.289: [scrub string table, 0.0005403 secs][1 CMS-remark: 0K(367040K)] 292176K(980480K), 0.0508183 secs] [Times: user=0.24 sys=0.02, real=0.05 secs] 
5.290: [CMS-concurrent-sweep-start]
5.290: [CMS-concurrent-sweep: 0.000/0.000 secs] [Times: user=0.00 sys=0.00, real=0.00 secs] 
5.290: [CMS-concurrent-reset-start]
5.545: [CMS-concurrent-reset: 0.249/0.255 secs] [Times: user=1.45 sys=0.25, real=0.26 secs] 
7.538: [GC (Allocation Failure) 7.538: [ParNew: 562535K->55411K(613440K), 0.0296799 secs] 562535K->55411K(980480K), 0.0297615 secs] [Times: user=0.16 sys=0.03, real=0.03 secs] 
10.554: [GC (Allocation Failure) 10.555: [ParNew: 600755K->68096K(613440K), 0.1075193 secs] 600755K->110876K(980480K), 0.1076472 secs] [Times: user=0.41 sys=0.08, real=0.11 secs] 
12.116: [GC (Allocation Failure) 12.116: [ParNew: 613259K->68096K(613440K), 0.4856888 secs] 656040K->495213K(1044932K), 0.4858348 secs] [Times: user=2.41 sys=0.27, real=0.49 secs] 
12.602: [GC (CMS Initial Mark) [1 CMS-initial-mark: 427117K(431492K)] 495842K(1044932K), 0.0171464 secs] [Times: user=0.05 sys=0.00, real=0.02 secs] 
12.620: [CMS-concurrent-mark-start]
13.258: [CMS-concurrent-mark: 0.622/0.638 secs] [Times: user=2.70 sys=0.38, real=0.64 secs] 
13.258: [CMS-concurrent-preclean-start]
13.262: [CMS-concurrent-preclean: 0.004/0.004 secs] [Times: user=0.02 sys=0.02, real=0.00 secs] 
13.262: [CMS-concurrent-abortable-preclean-start]
15.600: [CMS-concurrent-abortable-preclean: 2.334/2.338 secs] [Times: user=9.66 sys=0.55, real=2.34 secs] 
15.600: [GC (CMS Final Remark) [YG occupancy: 385324 K (613440 K)]15.600: [Rescan (parallel) , 0.0385857 secs]15.639: [weak refs processing, 0.0000851 secs]15.639: [class unloading, 0.0100105 secs]15.649: [scrub symbol table, 0.0127713 secs]15.662: [scrub string table, 0.0008389 secs][1 CMS-remark: 427117K(431492K)] 812441K(1044932K), 0.0646777 secs] [Times: user=0.47 sys=0.00, real=0.07 secs] 
15.665: [CMS-concurrent-sweep-start]
15.828: [CMS-concurrent-sweep: 0.160/0.162 secs] [Times: user=0.69 sys=0.02, real=0.16 secs] 
15.829: [CMS-concurrent-reset-start]
15.849: [CMS-concurrent-reset: 0.020/0.020 secs] [Times: user=0.05 sys=0.01, real=0.02 secs] 
17.849: [GC (CMS Initial Mark) [1 CMS-initial-mark: 423388K(705648K)] 826662K(1319088K), 0.0409189 secs] [Times: user=0.38 sys=0.00, real=0.04 secs] 
17.890: [CMS-concurrent-mark-start]
18.393: [CMS-concurrent-mark: 0.499/0.503 secs] [Times: user=2.89 sys=0.05, real=0.50 secs] 
18.394: [CMS-concurrent-preclean-start]
18.401: [CMS-concurrent-preclean: 0.007/0.008 secs] [Times: user=0.06 sys=0.00, real=0.01 secs] 
18.401: [CMS-concurrent-abortable-preclean-start]
 CMS: abort preclean due to time 23.937: [CMS-concurrent-abortable-preclean: 5.004/5.535 secs] [Times: user=9.76 sys=0.53, real=5.54 secs] 
23.937: [GC (CMS Final Remark) [YG occupancy: 451207 K (613440 K)]23.937: [Rescan (parallel) , 0.0365065 secs]23.974: [weak refs processing, 0.0001724 secs]23.974: [class unloading, 0.0128896 secs]23.987: [scrub symbol table, 0.0109597 secs]23.998: [scrub string table, 0.0007909 secs][1 CMS-remark: 423388K(705648K)] 874595K(1319088K), 0.0618279 secs] [Times: user=0.28 sys=0.00, real=0.06 secs] 
23.999: [CMS-concurrent-sweep-start]
24.119: [CMS-concurrent-sweep: 0.120/0.120 secs] [Times: user=0.13 sys=0.00, real=0.12 secs] 
24.119: [CMS-concurrent-reset-start]
24.139: [CMS-concurrent-reset: 0.019/0.019 secs] [Times: user=0.02 sys=0.00, real=0.02 secs] 
26.139: [GC (CMS Initial Mark) [1 CMS-initial-mark: 423087K(705648K)] 895615K(1319088K), 0.0456751 secs] [Times: user=0.27 sys=0.00, real=0.05 secs] 
26.185: [CMS-concurrent-mark-start]
26.611: [CMS-concurrent-mark: 0.427/0.427 secs] [Times: user=0.89 sys=0.02, real=0.42 secs] 
26.611: [CMS-concurrent-preclean-start]
26.614: [CMS-concurrent-preclean: 0.003/0.003 secs] [Times: user=0.00 sys=0.00, real=0.00 secs] 
26.614: [CMS-concurrent-abortable-preclean-start]
 CMS: abort preclean due to time 31.675: [CMS-concurrent-abortable-preclean: 4.460/5.061 secs] [Times: user=5.00 sys=0.16, real=5.06 secs] 
31.676: [GC (CMS Final Remark) [YG occupancy: 486083 K (613440 K)]31.676: [Rescan (parallel) , 0.0449832 secs]31.721: [weak refs processing, 0.0000518 secs]31.721: [class unloading, 0.0132515 secs]31.734: [scrub symbol table, 0.0102428 secs]31.744: [scrub string table, 0.0007661 secs][1 CMS-remark: 423087K(705648K)] 909171K(1319088K), 0.0698015 secs] [Times: user=0.41 sys=0.00, real=0.07 secs] 
31.746: [CMS-concurrent-sweep-start]
31.867: [CMS-concurrent-sweep: 0.121/0.121 secs] [Times: user=0.11 sys=0.00, real=0.12 secs] 
31.867: [CMS-concurrent-reset-start]
31.885: [CMS-concurrent-reset: 0.018/0.018 secs] [Times: user=0.03 sys=0.00, real=0.02 secs] 
33.885: [GC (CMS Initial Mark) [1 CMS-initial-mark: 421485K(705648K)] 907569K(1319088K), 0.0576652 secs] [Times: user=0.36 sys=0.00, real=0.06 secs] 
33.943: [CMS-concurrent-mark-start]
34.427: [CMS-concurrent-mark: 0.484/0.484 secs] [Times: user=1.06 sys=0.26, real=0.48 secs] 
34.427: [CMS-concurrent-preclean-start]
34.431: [CMS-concurrent-preclean: 0.004/0.004 secs] [Times: user=0.02 sys=0.02, real=0.00 secs] 
34.431: [CMS-concurrent-abortable-preclean-start]
 CMS: abort preclean due to time 39.803: [CMS-concurrent-abortable-preclean: 4.669/5.372 secs] [Times: user=5.20 sys=0.91, real=5.37 secs] 
39.803: [GC (CMS Final Remark) [YG occupancy: 486083 K (613440 K)]39.803: [Rescan (parallel) , 0.0496149 secs]39.853: [weak refs processing, 0.0000775 secs]39.853: [class unloading, 0.0118220 secs]39.865: [scrub symbol table, 0.0124661 secs]39.877: [scrub string table, 0.0008987 secs][1 CMS-remark: 421485K(705648K)] 907569K(1319088K), 0.0754983 secs] [Times: user=0.47 sys=0.00, real=0.08 secs] 
39.879: [CMS-concurrent-sweep-start]
40.010: [CMS-concurrent-sweep: 0.132/0.132 secs] [Times: user=0.14 sys=0.00, real=0.13 secs] 
40.010: [CMS-concurrent-reset-start]
40.036: [CMS-concurrent-reset: 0.025/0.025 secs] [Times: user=0.02 sys=0.00, real=0.02 secs] 
42.036: [GC (CMS Initial Mark) [1 CMS-initial-mark: 421484K(705648K)] 908400K(1319088K), 0.0493162 secs] [Times: user=0.28 sys=0.00, real=0.05 secs] 
42.086: [CMS-concurrent-mark-start]
42.513: [CMS-concurrent-mark: 0.427/0.427 secs] [Times: user=0.89 sys=0.00, real=0.43 secs] 
42.513: [CMS-concurrent-preclean-start]
42.515: [CMS-concurrent-preclean: 0.002/0.002 secs] [Times: user=0.00 sys=0.00, real=0.00 secs] 
42.515: [CMS-concurrent-abortable-preclean-start]
 CMS: abort preclean due to time 47.634: [CMS-concurrent-abortable-preclean: 4.514/5.119 secs] [Times: user=5.27 sys=0.67, real=5.12 secs] 
47.635: [GC (CMS Final Remark) [YG occupancy: 490672 K (613440 K)]47.635: [Rescan (parallel) , 0.0516092 secs]47.686: [weak refs processing, 0.0000682 secs]47.686: [class unloading, 0.0136006 secs]47.700: [scrub symbol table, 0.0132806 secs]47.713: [scrub string table, 0.0009503 secs][1 CMS-remark: 421484K(705648K)] 912156K(1319088K), 0.0800808 secs] [Times: user=0.38 sys=0.00, real=0.08 secs] 
47.715: [CMS-concurrent-sweep-start]
47.883: [CMS-concurrent-sweep: 0.168/0.168 secs] [Times: user=0.42 sys=0.06, real=0.17 secs] 
47.883: [CMS-concurrent-reset-start]
47.907: [CMS-concurrent-reset: 0.024/0.024 secs] [Times: user=0.14 sys=0.00, real=0.02 secs] 
49.907: [GC (CMS Initial Mark) [1 CMS-initial-mark: 421484K(705648K)] 957809K(1319088K), 0.0423182 secs] [Times: user=0.38 sys=0.00, real=0.04 secs] 
49.949: [CMS-concurrent-mark-start]
50.428: [CMS-concurrent-mark: 0.478/0.478 secs] [Times: user=0.94 sys=0.00, real=0.48 secs] 
50.428: [CMS-concurrent-preclean-start]
50.431: [CMS-concurrent-preclean: 0.003/0.003 secs] [Times: user=0.01 sys=0.00, real=0.00 secs] 
50.431: [CMS-concurrent-abortable-preclean-start]
 CMS: abort preclean due to time 55.903: [CMS-concurrent-abortable-preclean: 4.871/5.472 secs] [Times: user=6.09 sys=0.01, real=5.47 secs] 
55.904: [GC (CMS Final Remark) [YG occupancy: 536324 K (613440 K)]55.904: [Rescan (parallel) , 0.0494621 secs]55.953: [weak refs processing, 0.0000588 secs]55.953: [class unloading, 0.0151868 secs]55.968: [scrub symbol table, 0.0155767 secs]55.984: [scrub string table, 0.0013306 secs][1 CMS-remark: 421484K(705648K)] 957809K(1319088K), 0.0822265 secs] [Times: user=0.38 sys=0.00, real=0.08 secs] 
55.986: [CMS-concurrent-sweep-start]
56.128: [CMS-concurrent-sweep: 0.142/0.142 secs] [Times: user=0.14 sys=0.00, real=0.14 secs] 
56.128: [CMS-concurrent-reset-start]
56.149: [CMS-concurrent-reset: 0.021/0.021 secs] [Times: user=0.03 sys=0.00, real=0.02 secs] 
58.150: [GC (CMS Initial Mark) [1 CMS-initial-mark: 421484K(705648K)] 957808K(1319088K), 0.0543929 secs] [Times: user=0.38 sys=0.00, real=0.05 secs] 
58.204: [CMS-concurrent-mark-start]
58.643: [CMS-concurrent-mark: 0.439/0.439 secs] [Times: user=0.88 sys=0.00, real=0.44 secs] 
58.643: [CMS-concurrent-preclean-start]
58.646: [CMS-concurrent-preclean: 0.003/0.003 secs] [Times: user=0.00 sys=0.00, real=0.00 secs] 
58.646: [CMS-concurrent-abortable-preclean-start]
 CMS: abort preclean due to time 63.884: [CMS-concurrent-abortable-preclean: 4.532/5.238 secs] [Times: user=4.58 sys=0.00, real=5.24 secs] 
63.885: [GC (CMS Final Remark) [YG occupancy: 547231 K (613440 K)]63.885: [Rescan (parallel) , 0.0479281 secs]63.933: [weak refs processing, 0.0000600 secs]63.933: [class unloading, 0.0166752 secs]63.949: [scrub symbol table, 0.0148168 secs]63.964: [scrub string table, 0.0013457 secs][1 CMS-remark: 421484K(705648K)] 968715K(1319088K), 0.0814483 secs] [Times: user=0.36 sys=0.00, real=0.08 secs] 
63.966: [CMS-concurrent-sweep-start]
64.091: [CMS-concurrent-sweep: 0.125/0.125 secs] [Times: user=0.13 sys=0.00, real=0.13 secs] 
64.091: [CMS-concurrent-reset-start]
64.109: [CMS-concurrent-reset: 0.017/0.017 secs] [Times: user=0.02 sys=0.00, real=0.02 secs] 
66.109: [GC (CMS Initial Mark) [1 CMS-initial-mark: 421484K(705648K)] 968715K(1319088K), 0.0515448 secs] [Times: user=0.36 sys=0.00, real=0.05 secs] 
66.160: [CMS-concurrent-mark-start]
66.642: [CMS-concurrent-mark: 0.482/0.482 secs] [Times: user=0.97 sys=0.00, real=0.48 secs] 
66.642: [CMS-concurrent-preclean-start]
66.645: [CMS-concurrent-preclean: 0.003/0.003 secs] [Times: user=0.00 sys=0.00, real=0.00 secs] 
66.645: [CMS-concurrent-abortable-preclean-start]
 CMS: abort preclean due to time 71.723: [CMS-concurrent-abortable-preclean: 4.475/5.077 secs] [Times: user=4.44 sys=0.03, real=5.08 secs] 
71.723: [GC (CMS Final Remark) [YG occupancy: 547625 K (613440 K)]71.723: [Rescan (parallel) , 0.0440719 secs]71.767: [weak refs processing, 0.0000552 secs]71.767: [class unloading, 0.0139163 secs]71.781: [scrub symbol table, 0.0116629 secs]71.793: [scrub string table, 0.0011431 secs][1 CMS-remark: 421484K(705648K)] 969109K(1319088K), 0.0714471 secs] [Times: user=0.41 sys=0.00, real=0.07 secs] 
71.795: [CMS-concurrent-sweep-start]
71.920: [CMS-concurrent-sweep: 0.125/0.125 secs] [Times: user=0.13 sys=0.00, real=0.13 secs] 
71.920: [CMS-concurrent-reset-start]
71.937: [CMS-concurrent-reset: 0.017/0.017 secs] [Times: user=0.02 sys=0.00, real=0.02 secs] 
73.937: [GC (CMS Initial Mark) [1 CMS-initial-mark: 421484K(705648K)] 969109K(1319088K), 0.0461349 secs] [Times: user=0.34 sys=0.00, real=0.05 secs] 
73.983: [CMS-concurrent-mark-start]
74.423: [CMS-concurrent-mark: 0.440/0.440 secs] [Times: user=0.88 sys=0.00, real=0.44 secs] 
74.423: [CMS-concurrent-preclean-start]
74.426: [CMS-concurrent-preclean: 0.003/0.003 secs] [Times: user=0.00 sys=0.00, real=0.00 secs] 
74.426: [CMS-concurrent-abortable-preclean-start]
 CMS: abort preclean due to time 79.677: [CMS-concurrent-abortable-preclean: 4.549/5.251 secs] [Times: user=4.52 sys=0.00, real=5.25 secs] 
79.677: [GC (CMS Final Remark) [YG occupancy: 547625 K (613440 K)]79.677: [Rescan (parallel) , 0.0504377 secs]79.727: [weak refs processing, 0.0001006 secs]79.728: [class unloading, 0.0130564 secs]79.741: [scrub symbol table, 0.0141008 secs]79.755: [scrub string table, 0.0011949 secs][1 CMS-remark: 421484K(705648K)] 969109K(1319088K), 0.0794460 secs] [Times: user=0.41 sys=0.00, real=0.08 secs] 
79.757: [CMS-concurrent-sweep-start]
79.876: [CMS-concurrent-sweep: 0.119/0.119 secs] [Times: user=0.13 sys=0.00, real=0.12 secs] 
79.876: [CMS-concurrent-reset-start]
79.893: [CMS-concurrent-reset: 0.017/0.017 secs] [Times: user=0.02 sys=0.00, real=0.02 secs] 
81.894: [GC (CMS Initial Mark) [1 CMS-initial-mark: 421473K(705648K)] 969099K(1319088K), 0.0470019 secs] [Times: user=0.36 sys=0.00, real=0.05 secs] 
81.941: [CMS-concurrent-mark-start]
82.357: [CMS-concurrent-mark: 0.416/0.416 secs] [Times: user=0.84 sys=0.00, real=0.42 secs] 
82.357: [CMS-concurrent-preclean-start]
82.360: [CMS-concurrent-preclean: 0.003/0.003 secs] [Times: user=0.00 sys=0.00, real=0.00 secs] 
82.360: [CMS-concurrent-abortable-preclean-start]
 CMS: abort preclean due to time 87.875: [CMS-concurrent-abortable-preclean: 4.813/5.515 secs] [Times: user=4.83 sys=0.00, real=5.51 secs] 
87.875: [GC (CMS Final Remark) [YG occupancy: 548457 K (613440 K)]87.875: [Rescan (parallel) , 0.0532073 secs]87.928: [weak refs processing, 0.0001119 secs]87.929: [class unloading, 0.0260923 secs]87.955: [scrub symbol table, 0.0231174 secs]87.978: [scrub string table, 0.0019323 secs][1 CMS-remark: 421473K(705648K)] 969931K(1319088K), 0.1054978 secs] [Times: user=0.38 sys=0.00, real=0.11 secs] 
87.981: [CMS-concurrent-sweep-start]
88.228: [CMS-concurrent-sweep: 0.247/0.247 secs] [Times: user=0.25 sys=0.00, real=0.25 secs] 
88.228: [CMS-concurrent-reset-start]
88.257: [CMS-concurrent-reset: 0.030/0.030 secs] [Times: user=0.02 sys=0.00, real=0.03 secs] 
90.257: [GC (CMS Initial Mark) [1 CMS-initial-mark: 421473K(705648K)] 969931K(1319088K), 0.0571146 secs] [Times: user=0.44 sys=0.00, real=0.06 secs] 
90.314: [CMS-concurrent-mark-start]
90.751: [CMS-concurrent-mark: 0.437/0.437 secs] [Times: user=0.88 sys=0.00, real=0.44 secs] 
90.751: [CMS-concurrent-preclean-start]
90.755: [CMS-concurrent-preclean: 0.004/0.004 secs] [Times: user=0.00 sys=0.00, real=0.00 secs] 
90.755: [CMS-concurrent-abortable-preclean-start]
 CMS: abort preclean due to time 96.053: [CMS-concurrent-abortable-preclean: 4.595/5.298 secs] [Times: user=4.59 sys=0.00, real=5.30 secs] 
96.053: [GC (CMS Final Remark) [YG occupancy: 548457 K (613440 K)]96.053: [Rescan (parallel) , 0.0449817 secs]96.098: [weak refs processing, 0.0000573 secs]96.098: [class unloading, 0.0129253 secs]96.111: [scrub symbol table, 0.0118247 secs]96.123: [scrub string table, 0.0011471 secs][1 CMS-remark: 421473K(705648K)] 969931K(1319088K), 0.0714666 secs] [Times: user=0.41 sys=0.00, real=0.07 secs] 
96.125: [CMS-concurrent-sweep-start]
96.250: [CMS-concurrent-sweep: 0.125/0.125 secs] [Times: user=0.13 sys=0.00, real=0.13 secs] 
96.250: [CMS-concurrent-reset-start]
96.268: [CMS-concurrent-reset: 0.018/0.018 secs] [Times: user=0.02 sys=0.00, real=0.02 secs] 
98.269: [GC (CMS Initial Mark) [1 CMS-initial-mark: 421473K(705648K)] 969931K(1319088K), 0.0448244 secs] [Times: user=0.36 sys=0.00, real=0.05 secs] 
98.314: [CMS-concurrent-mark-start]
98.722: [CMS-concurrent-mark: 0.407/0.407 secs] [Times: user=0.81 sys=0.00, real=0.41 secs] 
98.722: [CMS-concurrent-preclean-start]
98.726: [CMS-concurrent-preclean: 0.004/0.004 secs] [Times: user=0.00 sys=0.00, real=0.00 secs] 
98.726: [CMS-concurrent-abortable-preclean-start]
 CMS: abort preclean due to time 103.895: [CMS-concurrent-abortable-preclean: 4.468/5.169 secs] [Times: user=4.50 sys=0.00, real=5.17 secs] 
103.895: [GC (CMS Final Remark) [YG occupancy: 548457 K (613440 K)]103.895: [Rescan (parallel) , 0.0455640 secs]103.941: [weak refs processing, 0.0000585 secs]103.941: [class unloading, 0.0128164 secs]103.954: [scrub symbol table, 0.0142091 secs]103.968: [scrub string table, 0.0014111 secs][1 CMS-remark: 421473K(705648K)] 969931K(1319088K), 0.0748665 secs] [Times: user=0.41 sys=0.00, real=0.07 secs] 
103.970: [CMS-concurrent-sweep-start]
104.094: [CMS-concurrent-sweep: 0.124/0.124 secs] [Times: user=0.13 sys=0.00, real=0.13 secs] 
104.094: [CMS-concurrent-reset-start]
104.112: [CMS-concurrent-reset: 0.018/0.018 secs] [Times: user=0.02 sys=0.00, real=0.02 secs] 
106.113: [GC (CMS Initial Mark) [1 CMS-initial-mark: 421473K(705648K)] 969931K(1319088K), 0.0472419 secs] [Times: user=0.36 sys=0.00, real=0.05 secs] 
106.160: [CMS-concurrent-mark-start]
106.614: [CMS-concurrent-mark: 0.453/0.453 secs] [Times: user=0.91 sys=0.00, real=0.45 secs] 
106.614: [CMS-concurrent-preclean-start]
106.616: [CMS-concurrent-preclean: 0.003/0.003 secs] [Times: user=0.00 sys=0.00, real=0.00 secs] 
106.616: [CMS-concurrent-abortable-preclean-start]
 CMS: abort preclean due to time 112.242: [CMS-concurrent-abortable-preclean: 4.923/5.626 secs] [Times: user=4.89 sys=0.06, real=5.63 secs] 
112.242: [GC (CMS Final Remark) [YG occupancy: 548457 K (613440 K)]112.242: [Rescan (parallel) , 0.0454474 secs]112.288: [weak refs processing, 0.0000582 secs]112.288: [class unloading, 0.0131635 secs]112.301: [scrub symbol table, 0.0118721 secs]112.313: [scrub string table, 0.0012107 secs][1 CMS-remark: 421473K(705648K)] 969931K(1319088K), 0.0723151 secs] [Times: user=0.30 sys=0.00, real=0.07 secs] 
112.315: [CMS-concurrent-sweep-start]
112.436: [CMS-concurrent-sweep: 0.121/0.121 secs] [Times: user=0.13 sys=0.00, real=0.12 secs] 
112.436: [CMS-concurrent-reset-start]
112.453: [CMS-concurrent-reset: 0.017/0.017 secs] [Times: user=0.02 sys=0.00, real=0.02 secs] 
114.452: [GC (CMS Initial Mark) [1 CMS-initial-mark: 421473K(705648K)] 969931K(1319088K), 0.0443489 secs] [Times: user=0.27 sys=0.00, real=0.04 secs] 
114.497: [CMS-concurrent-mark-start]
114.886: [CMS-concurrent-mark: 0.389/0.389 secs] [Times: user=0.78 sys=0.00, real=0.39 secs] 
114.886: [CMS-concurrent-preclean-start]
114.888: [CMS-concurrent-preclean: 0.003/0.003 secs] [Times: user=0.00 sys=0.00, real=0.00 secs] 
114.888: [CMS-concurrent-abortable-preclean-start]
 CMS: abort preclean due to time 120.009: [CMS-concurrent-abortable-preclean: 4.419/5.121 secs] [Times: user=4.41 sys=0.00, real=5.12 secs] 
120.010: [GC (CMS Final Remark) [YG occupancy: 548457 K (613440 K)]120.010: [Rescan (parallel) , 0.0529756 secs]120.063: [weak refs processing, 0.0000574 secs]120.063: [class unloading, 0.0134982 secs]120.076: [scrub symbol table, 0.0143443 secs]120.091: [scrub string table, 0.0013851 secs][1 CMS-remark: 421473K(705648K)] 969931K(1319088K), 0.0828327 secs] [Times: user=0.39 sys=0.00, real=0.08 secs] 
120.093: [CMS-concurrent-sweep-start]
120.222: [CMS-concurrent-sweep: 0.130/0.130 secs] [Times: user=0.13 sys=0.00, real=0.13 secs] 
120.222: [CMS-concurrent-reset-start]
120.238: [CMS-concurrent-reset: 0.015/0.015 secs] [Times: user=0.02 sys=0.00, real=0.02 secs] 
122.239: [GC (CMS Initial Mark) [1 CMS-initial-mark: 421473K(705648K)] 969931K(1319088K), 0.0469317 secs] [Times: user=0.34 sys=0.00, real=0.05 secs] 
122.286: [CMS-concurrent-mark-start]
122.690: [CMS-concurrent-mark: 0.405/0.405 secs] [Times: user=0.81 sys=0.00, real=0.40 secs] 
122.691: [CMS-concurrent-preclean-start]
122.694: [CMS-concurrent-preclean: 0.003/0.003 secs] [Times: user=0.00 sys=0.00, real=0.00 secs] 
122.694: [CMS-concurrent-abortable-preclean-start]
 CMS: abort preclean due to time 127.736: [CMS-concurrent-abortable-preclean: 4.340/5.043 secs] [Times: user=4.39 sys=0.00, real=5.04 secs] 
127.737: [GC (CMS Final Remark) [YG occupancy: 548457 K (613440 K)]127.737: [Rescan (parallel) , 0.0450022 secs]127.782: [weak refs processing, 0.0000884 secs]127.782: [class unloading, 0.0130566 secs]127.795: [scrub symbol table, 0.0115689 secs]127.807: [scrub string table, 0.0011712 secs][1 CMS-remark: 421473K(705648K)] 969931K(1319088K), 0.0714459 secs] [Times: user=0.41 sys=0.00, real=0.07 secs] 
127.808: [CMS-concurrent-sweep-start]
127.929: [CMS-concurrent-sweep: 0.121/0.121 secs] [Times: user=0.11 sys=0.00, real=0.12 secs] 
127.929: [CMS-concurrent-reset-start]
127.945: [CMS-concurrent-reset: 0.016/0.016 secs] [Times: user=0.02 sys=0.00, real=0.02 secs] 
129.946: [GC (CMS Initial Mark) [1 CMS-initial-mark: 421473K(705648K)] 970219K(1319088K), 0.0437671 secs] [Times: user=0.25 sys=0.00, real=0.04 secs] 
129.990: [CMS-concurrent-mark-start]
130.405: [CMS-concurrent-mark: 0.415/0.415 secs] [Times: user=0.84 sys=0.00, real=0.41 secs] 
130.405: [CMS-concurrent-preclean-start]
130.407: [CMS-concurrent-preclean: 0.002/0.002 secs] [Times: user=0.00 sys=0.00, real=0.00 secs] 
130.407: [CMS-concurrent-abortable-preclean-start]
 CMS: abort preclean due to time 136.006: [CMS-concurrent-abortable-preclean: 4.798/5.599 secs] [Times: user=4.76 sys=0.02, real=5.60 secs] 
136.007: [GC (CMS Final Remark) [YG occupancy: 548746 K (613440 K)]136.007: [Rescan (parallel) , 0.0448261 secs]136.052: [weak refs processing, 0.0000392 secs]136.052: [class unloading, 0.0123777 secs]136.064: [scrub symbol table, 0.0118657 secs]136.076: [scrub string table, 0.0011570 secs][1 CMS-remark: 421473K(705648K)] 970219K(1319088K), 0.0708235 secs] [Times: user=0.41 sys=0.00, real=0.07 secs] 
136.078: [CMS-concurrent-sweep-start]
136.202: [CMS-concurrent-sweep: 0.124/0.124 secs] [Times: user=0.13 sys=0.00, real=0.12 secs] 
136.202: [CMS-concurrent-reset-start]
136.218: [CMS-concurrent-reset: 0.016/0.016 secs] [Times: user=0.02 sys=0.00, real=0.02 secs] 
138.218: [GC (CMS Initial Mark) [1 CMS-initial-mark: 421473K(705648K)] 970219K(1319088K), 0.0457570 secs] [Times: user=0.38 sys=0.00, real=0.05 secs] 
138.264: [CMS-concurrent-mark-start]
138.690: [CMS-concurrent-mark: 0.426/0.426 secs] [Times: user=0.84 sys=0.00, real=0.42 secs] 
138.690: [CMS-concurrent-preclean-start]
138.693: [CMS-concurrent-preclean: 0.003/0.003 secs] [Times: user=0.00 sys=0.00, real=0.00 secs] 
138.693: [CMS-concurrent-abortable-preclean-start]
 CMS: abort preclean due to time 143.732: [CMS-concurrent-abortable-preclean: 4.336/5.039 secs] [Times: user=4.36 sys=0.00, real=5.04 secs] 
143.732: [GC (CMS Final Remark) [YG occupancy: 548746 K (613440 K)]143.732: [Rescan (parallel) , 0.0449218 secs]143.777: [weak refs processing, 0.0000860 secs]143.777: [class unloading, 0.0152133 secs]143.792: [scrub symbol table, 0.0117510 secs]143.804: [scrub string table, 0.0011490 secs][1 CMS-remark: 421473K(705648K)] 970219K(1319088K), 0.0736735 secs] [Times: user=0.36 sys=0.01, real=0.07 secs] 
143.806: [CMS-concurrent-sweep-start]
143.926: [CMS-concurrent-sweep: 0.120/0.120 secs] [Times: user=0.11 sys=0.00, real=0.12 secs] 
143.926: [CMS-concurrent-reset-start]
143.942: [CMS-concurrent-reset: 0.016/0.016 secs] [Times: user=0.02 sys=0.00, real=0.02 secs] 
145.942: [GC (CMS Initial Mark) [1 CMS-initial-mark: 421473K(705648K)] 970219K(1319088K), 0.0472714 secs] [Times: user=0.33 sys=0.00, real=0.05 secs] 
145.989: [CMS-concurrent-mark-start]
146.444: [CMS-concurrent-mark: 0.455/0.455 secs] [Times: user=0.91 sys=0.00, real=0.45 secs] 
146.444: [CMS-concurrent-preclean-start]
146.448: [CMS-concurrent-preclean: 0.004/0.004 secs] [Times: user=0.02 sys=0.00, real=0.00 secs] 
146.448: [CMS-concurrent-abortable-preclean-start]
 CMS: abort preclean due to time 151.489: [CMS-concurrent-abortable-preclean: 4.341/5.042 secs] [Times: user=4.36 sys=0.00, real=5.04 secs] 
151.490: [GC (CMS Final Remark) [YG occupancy: 548746 K (613440 K)]151.490: [Rescan (parallel) , 0.0479255 secs]151.538: [weak refs processing, 0.0000587 secs]151.538: [class unloading, 0.0158759 secs]151.554: [scrub symbol table, 0.0130477 secs]151.567: [scrub string table, 0.0012377 secs][1 CMS-remark: 421473K(705648K)] 970219K(1319088K), 0.0787706 secs] [Times: user=0.38 sys=0.00, real=0.08 secs] 
151.569: [CMS-concurrent-sweep-start]
151.693: [CMS-concurrent-sweep: 0.124/0.124 secs] [Times: user=0.13 sys=0.00, real=0.12 secs] 
151.693: [CMS-concurrent-reset-start]
151.710: [CMS-concurrent-reset: 0.016/0.016 secs] [Times: user=0.02 sys=0.00, real=0.02 secs] 
153.710: [GC (CMS Initial Mark) [1 CMS-initial-mark: 421473K(705648K)] 970219K(1319088K), 0.0490960 secs] [Times: user=0.39 sys=0.00, real=0.05 secs] 
153.759: [CMS-concurrent-mark-start]
154.204: [CMS-concurrent-mark: 0.445/0.445 secs] [Times: user=0.88 sys=0.00, real=0.45 secs] 
154.204: [CMS-concurrent-preclean-start]
154.209: [CMS-concurrent-preclean: 0.004/0.004 secs] [Times: user=0.00 sys=0.00, real=0.00 secs] 
154.209: [CMS-concurrent-abortable-preclean-start]
 CMS: abort preclean due to time 159.277: [CMS-concurrent-abortable-preclean: 4.421/5.069 secs] [Times: user=4.47 sys=0.00, real=5.07 secs] 
159.278: [GC (CMS Final Remark) [YG occupancy: 548746 K (613440 K)]159.278: [Rescan (parallel) , 0.0452961 secs]159.323: [weak refs processing, 0.0000588 secs]159.323: [class unloading, 0.0138510 secs]159.337: [scrub symbol table, 0.0131238 secs]159.350: [scrub string table, 0.0011733 secs][1 CMS-remark: 421473K(705648K)] 970219K(1319088K), 0.0740773 secs] [Times: user=0.38 sys=0.00, real=0.08 secs] 
159.352: [CMS-concurrent-sweep-start]
159.488: [CMS-concurrent-sweep: 0.136/0.136 secs] [Times: user=0.13 sys=0.00, real=0.14 secs] 
159.488: [CMS-concurrent-reset-start]
159.506: [CMS-concurrent-reset: 0.018/0.018 secs] [Times: user=0.02 sys=0.00, real=0.02 secs] 
161.507: [GC (CMS Initial Mark) [1 CMS-initial-mark: 421473K(705648K)] 970219K(1319088K), 0.0458764 secs] [Times: user=0.38 sys=0.00, real=0.05 secs] 
161.553: [CMS-concurrent-mark-start]
161.999: [CMS-concurrent-mark: 0.446/0.446 secs] [Times: user=0.91 sys=0.00, real=0.45 secs] 
161.999: [CMS-concurrent-preclean-start]
162.002: [CMS-concurrent-preclean: 0.003/0.003 secs] [Times: user=0.00 sys=0.00, real=0.00 secs] 
162.002: [CMS-concurrent-abortable-preclean-start]
 CMS: abort preclean due to time 167.131: [CMS-concurrent-abortable-preclean: 4.428/5.129 secs] [Times: user=4.39 sys=0.00, real=5.13 secs] 
167.131: [GC (CMS Final Remark) [YG occupancy: 548746 K (613440 K)]167.131: [Rescan (parallel) , 0.0469199 secs]167.178: [weak refs processing, 0.0002377 secs]167.178: [class unloading, 0.0131344 secs]167.192: [scrub symbol table, 0.0132506 secs]167.205: [scrub string table, 0.0011969 secs][1 CMS-remark: 421473K(705648K)] 970219K(1319088K), 0.0752913 secs] [Times: user=0.39 sys=0.00, real=0.08 secs] 
167.207: [CMS-concurrent-sweep-start]
167.335: [CMS-concurrent-sweep: 0.128/0.128 secs] [Times: user=0.13 sys=0.00, real=0.13 secs] 
167.335: [CMS-concurrent-reset-start]
167.351: [CMS-concurrent-reset: 0.016/0.016 secs] [Times: user=0.02 sys=0.00, real=0.02 secs] 
169.351: [GC (CMS Initial Mark) [1 CMS-initial-mark: 421473K(705648K)] 970219K(1319088K), 0.0439302 secs] [Times: user=0.38 sys=0.00, real=0.04 secs] 
169.395: [CMS-concurrent-mark-start]
169.802: [CMS-concurrent-mark: 0.407/0.407 secs] [Times: user=0.81 sys=0.00, real=0.41 secs] 
169.802: [CMS-concurrent-preclean-start]
169.805: [CMS-concurrent-preclean: 0.003/0.003 secs] [Times: user=0.02 sys=0.00, real=0.00 secs] 
169.805: [CMS-concurrent-abortable-preclean-start]
 CMS: abort preclean due to time 174.922: [CMS-concurrent-abortable-preclean: 4.414/5.117 secs] [Times: user=4.41 sys=0.02, real=5.12 secs] 
174.922: [GC (CMS Final Remark) [YG occupancy: 548746 K (613440 K)]174.922: [Rescan (parallel) , 0.0505796 secs]174.973: [weak refs processing, 0.0000674 secs]174.973: [class unloading, 0.0189261 secs]174.992: [scrub symbol table, 0.0124466 secs]175.005: [scrub string table, 0.0011426 secs][1 CMS-remark: 421473K(705648K)] 970219K(1319088K), 0.0837030 secs] [Times: user=0.38 sys=0.00, real=0.08 secs] 
175.006: [CMS-concurrent-sweep-start]
175.132: [CMS-concurrent-sweep: 0.126/0.126 secs] [Times: user=0.13 sys=0.00, real=0.13 secs] 
175.133: [CMS-concurrent-reset-start]
175.150: [CMS-concurrent-reset: 0.018/0.018 secs] [Times: user=0.03 sys=0.00, real=0.02 secs] 
177.149: [GC (CMS Initial Mark) [1 CMS-initial-mark: 421473K(705648K)] 970219K(1319088K), 0.0502489 secs] [Times: user=0.33 sys=0.00, real=0.05 secs] 
177.200: [CMS-concurrent-mark-start]
177.657: [CMS-concurrent-mark: 0.457/0.457 secs] [Times: user=0.91 sys=0.00, real=0.46 secs] 
177.657: [CMS-concurrent-preclean-start]
177.659: [CMS-concurrent-preclean: 0.003/0.003 secs] [Times: user=0.00 sys=0.00, real=0.00 secs] 
177.660: [CMS-concurrent-abortable-preclean-start]
 CMS: abort preclean due to time 182.794: [CMS-concurrent-abortable-preclean: 4.433/5.134 secs] [Times: user=4.38 sys=0.02, real=5.13 secs] 
182.794: [GC (CMS Final Remark) [YG occupancy: 548746 K (613440 K)]182.794: [Rescan (parallel) , 0.0474845 secs]182.841: [weak refs processing, 0.0000368 secs]182.841: [class unloading, 0.0125527 secs]182.854: [scrub symbol table, 0.0124792 secs]182.867: [scrub string table, 0.0012729 secs][1 CMS-remark: 421473K(705648K)] 970219K(1319088K), 0.0744076 secs] [Times: user=0.41 sys=0.00, real=0.07 secs] 
182.868: [CMS-concurrent-sweep-start]
182.992: [CMS-concurrent-sweep: 0.123/0.123 secs] [Times: user=0.11 sys=0.00, real=0.12 secs] 
182.992: [CMS-concurrent-reset-start]
183.007: [CMS-concurrent-reset: 0.016/0.016 secs] [Times: user=0.01 sys=0.00, real=0.02 secs] 
185.007: [GC (CMS Initial Mark) [1 CMS-initial-mark: 421473K(705648K)] 970219K(1319088K), 0.0457138 secs] [Times: user=0.38 sys=0.00, real=0.04 secs] 
185.053: [CMS-concurrent-mark-start]
185.502: [CMS-concurrent-mark: 0.449/0.449 secs] [Times: user=0.91 sys=0.00, real=0.45 secs] 
185.502: [CMS-concurrent-preclean-start]
185.504: [CMS-concurrent-preclean: 0.002/0.002 secs] [Times: user=0.00 sys=0.00, real=0.00 secs] 
185.504: [CMS-concurrent-abortable-preclean-start]
 CMS: abort preclean due to time 190.694: [CMS-concurrent-abortable-preclean: 4.489/5.190 secs] [Times: user=4.42 sys=0.02, real=5.19 secs] 
190.694: [GC (CMS Final Remark) [YG occupancy: 548746 K (613440 K)]190.694: [Rescan (parallel) , 0.0452570 secs]190.740: [weak refs processing, 0.0000563 secs]190.740: [class unloading, 0.0115846 secs]190.751: [scrub symbol table, 0.0116521 secs]190.763: [scrub string table, 0.0011475 secs][1 CMS-remark: 421473K(705648K)] 970219K(1319088K), 0.0702144 secs] [Times: user=0.39 sys=0.00, real=0.07 secs] 
190.765: [CMS-concurrent-sweep-start]
190.886: [CMS-concurrent-sweep: 0.122/0.122 secs] [Times: user=0.13 sys=0.00, real=0.12 secs] 
190.886: [CMS-concurrent-reset-start]
190.904: [CMS-concurrent-reset: 0.017/0.017 secs] [Times: user=0.02 sys=0.00, real=0.02 secs] 
192.905: [GC (CMS Initial Mark) [1 CMS-initial-mark: 421473K(705648K)] 970219K(1319088K), 0.0455911 secs] [Times: user=0.38 sys=0.00, real=0.04 secs] 
192.950: [CMS-concurrent-mark-start]
193.397: [CMS-concurrent-mark: 0.446/0.446 secs] [Times: user=0.88 sys=0.00, real=0.45 secs] 
193.397: [CMS-concurrent-preclean-start]
193.400: [CMS-concurrent-preclean: 0.003/0.003 secs] [Times: user=0.01 sys=0.00, real=0.00 secs] 
193.400: [CMS-concurrent-abortable-preclean-start]
 CMS: abort preclean due to time 198.533: [CMS-concurrent-abortable-preclean: 4.433/5.134 secs] [Times: user=4.41 sys=0.00, real=5.13 secs] 
198.534: [GC (CMS Final Remark) [YG occupancy: 548746 K (613440 K)]198.534: [Rescan (parallel) , 0.0474047 secs]198.581: [weak refs processing, 0.0000532 secs]198.581: [class unloading, 0.0143168 secs]198.595: [scrub symbol table, 0.0139289 secs]198.609: [scrub string table, 0.0012647 secs][1 CMS-remark: 421473K(705648K)] 970219K(1319088K), 0.0775759 secs] [Times: user=0.41 sys=0.00, real=0.08 secs] 
198.611: [CMS-concurrent-sweep-start]
198.733: [CMS-concurrent-sweep: 0.122/0.122 secs] [Times: user=0.13 sys=0.00, real=0.12 secs] 
198.733: [CMS-concurrent-reset-start]
198.748: [CMS-concurrent-reset: 0.015/0.015 secs] [Times: user=0.02 sys=0.00, real=0.02 secs] 
200.748: [GC (CMS Initial Mark) [1 CMS-initial-mark: 421473K(705648K)] 970219K(1319088K), 0.0477489 secs] [Times: user=0.33 sys=0.00, real=0.05 secs] 
200.796: [CMS-concurrent-mark-start]
201.235: [CMS-concurrent-mark: 0.439/0.439 secs] [Times: user=0.88 sys=0.00, real=0.44 secs] 
201.235: [CMS-concurrent-preclean-start]
201.238: [CMS-concurrent-preclean: 0.003/0.003 secs] [Times: user=0.00 sys=0.00, real=0.00 secs] 
201.238: [CMS-concurrent-abortable-preclean-start]
 CMS: abort preclean due to time 206.274: [CMS-concurrent-abortable-preclean: 4.333/5.036 secs] [Times: user=4.30 sys=0.03, real=5.04 secs] 
206.274: [GC (CMS Final Remark) [YG occupancy: 548746 K (613440 K)]206.274: [Rescan (parallel) , 0.0475341 secs]206.322: [weak refs processing, 0.0000563 secs]206.322: [class unloading, 0.0167636 secs]206.338: [scrub symbol table, 0.0136694 secs]206.352: [scrub string table, 0.0012870 secs][1 CMS-remark: 421473K(705648K)] 970219K(1319088K), 0.0799444 secs] [Times: user=0.36 sys=0.02, real=0.08 secs] 
206.354: [CMS-concurrent-sweep-start]
206.478: [CMS-concurrent-sweep: 0.124/0.124 secs] [Times: user=0.13 sys=0.00, real=0.12 secs] 
206.478: [CMS-concurrent-reset-start]
206.494: [CMS-concurrent-reset: 0.016/0.016 secs] [Times: user=0.02 sys=0.00, real=0.01 secs] 
208.495: [GC (CMS Initial Mark) [1 CMS-initial-mark: 421473K(705648K)] 970219K(1319088K), 0.0475104 secs] [Times: user=0.27 sys=0.00, real=0.05 secs] 
208.542: [CMS-concurrent-mark-start]
208.972: [CMS-concurrent-mark: 0.430/0.430 secs] [Times: user=0.84 sys=0.00, real=0.43 secs] 
208.972: [CMS-concurrent-preclean-start]
208.974: [CMS-concurrent-preclean: 0.002/0.002 secs] [Times: user=0.00 sys=0.00, real=0.00 secs] 
208.974: [CMS-concurrent-abortable-preclean-start]
 CMS: abort preclean due to time 213.976: [CMS-concurrent-abortable-preclean: 4.301/5.002 secs] [Times: user=4.28 sys=0.00, real=5.00 secs] 
213.976: [GC (CMS Final Remark) [YG occupancy: 548746 K (613440 K)]213.976: [Rescan (parallel) , 0.0480591 secs]214.025: [weak refs processing, 0.0000399 secs]214.025: [class unloading, 0.0148015 secs]214.039: [scrub symbol table, 0.0148276 secs]214.054: [scrub string table, 0.0013137 secs][1 CMS-remark: 421473K(705648K)] 970219K(1319088K), 0.0795731 secs] [Times: user=0.52 sys=0.00, real=0.08 secs] 
214.056: [CMS-concurrent-sweep-start]
214.180: [CMS-concurrent-sweep: 0.124/0.124 secs] [Times: user=0.11 sys=0.00, real=0.12 secs] 
214.180: [CMS-concurrent-reset-start]
214.196: [CMS-concurrent-reset: 0.016/0.016 secs] [Times: user=0.03 sys=0.00, real=0.02 secs] 
216.197: [GC (CMS Initial Mark) [1 CMS-initial-mark: 421473K(705648K)] 970219K(1319088K), 0.0460913 secs] [Times: user=0.27 sys=0.00, real=0.05 secs] 
216.244: [CMS-concurrent-mark-start]
216.686: [CMS-concurrent-mark: 0.443/0.443 secs] [Times: user=0.88 sys=0.00, real=0.44 secs] 
216.687: [CMS-concurrent-preclean-start]
216.689: [CMS-concurrent-preclean: 0.003/0.003 secs] [Times: user=0.00 sys=0.00, real=0.00 secs] 
216.689: [CMS-concurrent-abortable-preclean-start]
 CMS: abort preclean due to time 221.824: [CMS-concurrent-abortable-preclean: 4.433/5.135 secs] [Times: user=4.47 sys=0.00, real=5.13 secs] 
221.825: [GC (CMS Final Remark) [YG occupancy: 548746 K (613440 K)]221.825: [Rescan (parallel) , 0.0461413 secs]221.871: [weak refs processing, 0.0000654 secs]221.871: [class unloading, 0.0137630 secs]221.885: [scrub symbol table, 0.0132372 secs]221.898: [scrub string table, 0.0011764 secs][1 CMS-remark: 421473K(705648K)] 970219K(1319088K), 0.0749609 secs] [Times: user=0.38 sys=0.00, real=0.08 secs] 
221.900: [CMS-concurrent-sweep-start]
222.031: [CMS-concurrent-sweep: 0.131/0.131 secs] [Times: user=0.13 sys=0.00, real=0.13 secs] 
222.031: [CMS-concurrent-reset-start]
222.048: [CMS-concurrent-reset: 0.017/0.017 secs] [Times: user=0.01 sys=0.00, real=0.02 secs] 
224.048: [GC (CMS Initial Mark) [1 CMS-initial-mark: 421473K(705648K)] 970219K(1319088K), 0.0437079 secs] [Times: user=0.38 sys=0.00, real=0.04 secs] 
224.092: [CMS-concurrent-mark-start]
224.507: [CMS-concurrent-mark: 0.415/0.415 secs] [Times: user=0.81 sys=0.00, real=0.41 secs] 
224.507: [CMS-concurrent-preclean-start]
224.510: [CMS-concurrent-preclean: 0.003/0.003 secs] [Times: user=0.02 sys=0.00, real=0.00 secs] 
224.510: [CMS-concurrent-abortable-preclean-start]
 CMS: abort preclean due to time 230.117: [CMS-concurrent-abortable-preclean: 4.804/5.607 secs] [Times: user=4.80 sys=0.00, real=5.61 secs] 
230.117: [GC (CMS Final Remark) [YG occupancy: 548746 K (613440 K)]230.117: [Rescan (parallel) , 0.0448849 secs]230.162: [weak refs processing, 0.0000626 secs]230.162: [class unloading, 0.0137051 secs]230.176: [scrub symbol table, 0.0117038 secs]230.188: [scrub string table, 0.0011616 secs][1 CMS-remark: 421473K(705648K)] 970219K(1319088K), 0.0720621 secs] [Times: user=0.41 sys=0.00, real=0.07 secs] 
230.189: [CMS-concurrent-sweep-start]
230.311: [CMS-concurrent-sweep: 0.122/0.122 secs] [Times: user=0.13 sys=0.00, real=0.12 secs] 
230.311: [CMS-concurrent-reset-start]
230.327: [CMS-concurrent-reset: 0.016/0.016 secs] [Times: user=0.02 sys=0.00, real=0.02 secs] 
232.326: [GC (CMS Initial Mark) [1 CMS-initial-mark: 421473K(705648K)] 970219K(1319088K), 0.0484868 secs] [Times: user=0.36 sys=0.00, real=0.05 secs] 
232.375: [CMS-concurrent-mark-start]
232.794: [CMS-concurrent-mark: 0.419/0.419 secs] [Times: user=0.84 sys=0.00, real=0.42 secs] 
232.794: [CMS-concurrent-preclean-start]
232.797: [CMS-concurrent-preclean: 0.003/0.003 secs] [Times: user=0.00 sys=0.00, real=0.00 secs] 
232.797: [CMS-concurrent-abortable-preclean-start]
 CMS: abort preclean due to time 237.925: [CMS-concurrent-abortable-preclean: 4.426/5.128 secs] [Times: user=4.39 sys=0.00, real=5.13 secs] 
237.926: [GC (CMS Final Remark) [YG occupancy: 548746 K (613440 K)]237.926: [Rescan (parallel) , 0.0448290 secs]237.970: [weak refs processing, 0.0001062 secs]237.971: [class unloading, 0.0134604 secs]237.984: [scrub symbol table, 0.0121289 secs]237.996: [scrub string table, 0.0011854 secs][1 CMS-remark: 421473K(705648K)] 970219K(1319088K), 0.0721957 secs] [Times: user=0.41 sys=0.00, real=0.07 secs] 
237.998: [CMS-concurrent-sweep-start]
238.124: [CMS-concurrent-sweep: 0.127/0.127 secs] [Times: user=0.13 sys=0.00, real=0.13 secs] 
238.124: [CMS-concurrent-reset-start]
238.143: [CMS-concurrent-reset: 0.018/0.018 secs] [Times: user=0.02 sys=0.00, real=0.02 secs] 
240.143: [GC (CMS Initial Mark) [1 CMS-initial-mark: 421473K(705648K)] 970219K(1319088K), 0.0439870 secs] [Times: user=0.38 sys=0.00, real=0.04 secs] 
240.187: [CMS-concurrent-mark-start]
240.605: [CMS-concurrent-mark: 0.418/0.418 secs] [Times: user=0.84 sys=0.00, real=0.42 secs] 
240.605: [CMS-concurrent-preclean-start]
240.608: [CMS-concurrent-preclean: 0.003/0.003 secs] [Times: user=0.00 sys=0.00, real=0.00 secs] 
240.608: [CMS-concurrent-abortable-preclean-start]
 CMS: abort preclean due to time 245.678: [CMS-concurrent-abortable-preclean: 4.369/5.070 secs] [Times: user=4.49 sys=0.00, real=5.07 secs] 
245.679: [GC (CMS Final Remark) [YG occupancy: 549034 K (613440 K)]245.679: [Rescan (parallel) , 0.0455443 secs]245.725: [weak refs processing, 0.0000567 secs]245.725: [class unloading, 0.0133925 secs]245.738: [scrub symbol table, 0.0114740 secs]245.749: [scrub string table, 0.0011431 secs][1 CMS-remark: 421473K(705648K)] 970507K(1319088K), 0.0720956 secs] [Times: user=0.41 sys=0.00, real=0.07 secs] 
245.751: [CMS-concurrent-sweep-start]
245.871: [CMS-concurrent-sweep: 0.120/0.120 secs] [Times: user=0.13 sys=0.00, real=0.12 secs] 
245.871: [CMS-concurrent-reset-start]
245.887: [CMS-concurrent-reset: 0.015/0.015 secs] [Times: user=0.02 sys=0.00, real=0.02 secs] 
247.886: [GC (CMS Initial Mark) [1 CMS-initial-mark: 421473K(705648K)] 970507K(1319088K), 0.0459199 secs] [Times: user=0.28 sys=0.00, real=0.05 secs] 
247.932: [CMS-concurrent-mark-start]
248.334: [CMS-concurrent-mark: 0.402/0.402 secs] [Times: user=0.78 sys=0.00, real=0.40 secs] 
248.334: [CMS-concurrent-preclean-start]
248.337: [CMS-concurrent-preclean: 0.003/0.003 secs] [Times: user=0.02 sys=0.00, real=0.00 secs] 
248.337: [CMS-concurrent-abortable-preclean-start]
 CMS: abort preclean due to time 253.570: [CMS-concurrent-abortable-preclean: 4.531/5.233 secs] [Times: user=4.55 sys=0.00, real=5.23 secs] 
253.571: [GC (CMS Final Remark) [YG occupancy: 549034 K (613440 K)]253.571: [Rescan (parallel) , 0.0473353 secs]253.618: [weak refs processing, 0.0000633 secs]253.618: [class unloading, 0.0120312 secs]253.630: [scrub symbol table, 0.0119856 secs]253.642: [scrub string table, 0.0011749 secs][1 CMS-remark: 421473K(705648K)] 970507K(1319088K), 0.0731270 secs] [Times: user=0.34 sys=0.00, real=0.07 secs] 
253.644: [CMS-concurrent-sweep-start]
253.771: [CMS-concurrent-sweep: 0.127/0.127 secs] [Times: user=0.13 sys=0.00, real=0.13 secs] 
253.771: [CMS-concurrent-reset-start]
253.790: [CMS-concurrent-reset: 0.018/0.018 secs] [Times: user=0.03 sys=0.00, real=0.02 secs] 
255.791: [GC (CMS Initial Mark) [1 CMS-initial-mark: 421473K(705648K)] 970507K(1319088K), 0.0431455 secs] [Times: user=0.25 sys=0.00, real=0.04 secs] 
255.834: [CMS-concurrent-mark-start]
256.247: [CMS-concurrent-mark: 0.413/0.413 secs] [Times: user=0.84 sys=0.00, real=0.41 secs] 
256.247: [CMS-concurrent-preclean-start]
256.251: [CMS-concurrent-preclean: 0.004/0.004 secs] [Times: user=0.00 sys=0.00, real=0.00 secs] 
256.251: [CMS-concurrent-abortable-preclean-start]
 CMS: abort preclean due to time 261.325: [CMS-concurrent-abortable-preclean: 4.370/5.073 secs] [Times: user=4.47 sys=0.00, real=5.07 secs] 
261.325: [GC (CMS Final Remark) [YG occupancy: 549034 K (613440 K)]261.325: [Rescan (parallel) , 0.0445269 secs]261.370: [weak refs processing, 0.0000531 secs]261.370: [class unloading, 0.0128181 secs]261.383: [scrub symbol table, 0.0121457 secs]261.395: [scrub string table, 0.0011547 secs][1 CMS-remark: 421473K(705648K)] 970507K(1319088K), 0.0712036 secs] [Times: user=0.36 sys=0.00, real=0.07 secs] 
261.396: [CMS-concurrent-sweep-start]
261.517: [CMS-concurrent-sweep: 0.121/0.121 secs] [Times: user=0.13 sys=0.00, real=0.12 secs] 
261.517: [CMS-concurrent-reset-start]
261.535: [CMS-concurrent-reset: 0.017/0.017 secs] [Times: user=0.01 sys=0.00, real=0.02 secs] 
263.534: [GC (CMS Initial Mark) [1 CMS-initial-mark: 421473K(705648K)] 970507K(1319088K), 0.0422572 secs] [Times: user=0.38 sys=0.00, real=0.04 secs] 
263.576: [CMS-concurrent-mark-start]
264.020: [CMS-concurrent-mark: 0.444/0.444 secs] [Times: user=0.88 sys=0.00, real=0.44 secs] 
264.020: [CMS-concurrent-preclean-start]
264.023: [CMS-concurrent-preclean: 0.003/0.003 secs] [Times: user=0.00 sys=0.00, real=0.00 secs] 
264.023: [CMS-concurrent-abortable-preclean-start]
 CMS: abort preclean due to time 269.051: [CMS-concurrent-abortable-preclean: 4.326/5.028 secs] [Times: user=4.33 sys=0.00, real=5.03 secs] 
269.051: [GC (CMS Final Remark) [YG occupancy: 549034 K (613440 K)]269.051: [Rescan (parallel) , 0.0456758 secs]269.097: [weak refs processing, 0.0000362 secs]269.097: [class unloading, 0.0131697 secs]269.110: [scrub symbol table, 0.0120878 secs]269.122: [scrub string table, 0.0011374 secs][1 CMS-remark: 421473K(705648K)] 970507K(1319088K), 0.0726344 secs] [Times: user=0.36 sys=0.00, real=0.07 secs] 
269.124: [CMS-concurrent-sweep-start]
269.247: [CMS-concurrent-sweep: 0.123/0.123 secs] [Times: user=0.13 sys=0.00, real=0.12 secs] 
269.247: [CMS-concurrent-reset-start]
269.263: [CMS-concurrent-reset: 0.016/0.016 secs] [Times: user=0.02 sys=0.00, real=0.02 secs] 
271.264: [GC (CMS Initial Mark) [1 CMS-initial-mark: 421473K(705648K)] 970507K(1319088K), 0.0456035 secs] [Times: user=0.38 sys=0.00, real=0.04 secs] 
271.309: [CMS-concurrent-mark-start]
271.742: [CMS-concurrent-mark: 0.432/0.432 secs] [Times: user=0.84 sys=0.00, real=0.43 secs] 
271.742: [CMS-concurrent-preclean-start]
271.744: [CMS-concurrent-preclean: 0.002/0.002 secs] [Times: user=0.02 sys=0.00, real=0.00 secs] 
271.744: [CMS-concurrent-abortable-preclean-start]
 CMS: abort preclean due to time 276.883: [CMS-concurrent-abortable-preclean: 4.438/5.139 secs] [Times: user=4.41 sys=0.00, real=5.14 secs] 
276.883: [GC (CMS Final Remark) [YG occupancy: 549034 K (613440 K)]276.883: [Rescan (parallel) , 0.0450056 secs]276.928: [weak refs processing, 0.0000593 secs]276.928: [class unloading, 0.0126227 secs]276.941: [scrub symbol table, 0.0121369 secs]276.953: [scrub string table, 0.0011742 secs][1 CMS-remark: 421473K(705648K)] 970507K(1319088K), 0.0716265 secs] [Times: user=0.28 sys=0.00, real=0.07 secs] 
276.955: [CMS-concurrent-sweep-start]
277.080: [CMS-concurrent-sweep: 0.126/0.126 secs] [Times: user=0.13 sys=0.00, real=0.13 secs] 
277.081: [CMS-concurrent-reset-start]
277.096: [CMS-concurrent-reset: 0.016/0.016 secs] [Times: user=0.02 sys=0.00, real=0.02 secs] 
279.098: [GC (CMS Initial Mark) [1 CMS-initial-mark: 421473K(705648K)] 970507K(1319088K), 0.0512614 secs] [Times: user=0.36 sys=0.00, real=0.05 secs] 
279.149: [CMS-concurrent-mark-start]
279.559: [CMS-concurrent-mark: 0.410/0.410 secs] [Times: user=0.81 sys=0.00, real=0.41 secs] 
279.559: [CMS-concurrent-preclean-start]
279.563: [CMS-concurrent-preclean: 0.003/0.003 secs] [Times: user=0.00 sys=0.00, real=0.00 secs] 
279.563: [CMS-concurrent-abortable-preclean-start]
 CMS: abort preclean due to time 284.690: [CMS-concurrent-abortable-preclean: 4.424/5.127 secs] [Times: user=4.44 sys=0.00, real=5.13 secs] 
284.690: [GC (CMS Final Remark) [YG occupancy: 549866 K (613440 K)]284.690: [Rescan (parallel) , 0.0444233 secs]284.735: [weak refs processing, 0.0000551 secs]284.735: [class unloading, 0.0131443 secs]284.748: [scrub symbol table, 0.0121812 secs]284.760: [scrub string table, 0.0011599 secs][1 CMS-remark: 421473K(705648K)] 971340K(1319088K), 0.0715433 secs] [Times: user=0.41 sys=0.00, real=0.07 secs] 
284.762: [CMS-concurrent-sweep-start]
284.887: [CMS-concurrent-sweep: 0.126/0.126 secs] [Times: user=0.13 sys=0.00, real=0.13 secs] 
284.887: [CMS-concurrent-reset-start]
284.903: [CMS-concurrent-reset: 0.016/0.016 secs] [Times: user=0.02 sys=0.00, real=0.02 secs] 
286.903: [GC (CMS Initial Mark) [1 CMS-initial-mark: 421473K(705648K)] 971340K(1319088K), 0.0455036 secs] [Times: user=0.30 sys=0.00, real=0.04 secs] 
286.948: [CMS-concurrent-mark-start]
287.393: [CMS-concurrent-mark: 0.445/0.445 secs] [Times: user=0.88 sys=0.00, real=0.45 secs] 
287.393: [CMS-concurrent-preclean-start]
287.398: [CMS-concurrent-preclean: 0.005/0.005 secs] [Times: user=0.02 sys=0.00, real=0.01 secs] 
287.398: [CMS-concurrent-abortable-preclean-start]
 CMS: abort preclean due to time 292.631: [CMS-concurrent-abortable-preclean: 4.530/5.233 secs] [Times: user=4.53 sys=0.00, real=5.23 secs] 
292.631: [GC (CMS Final Remark) [YG occupancy: 549866 K (613440 K)]292.631: [Rescan (parallel) , 0.0450749 secs]292.676: [weak refs processing, 0.0000885 secs]292.676: [class unloading, 0.0138258 secs]292.690: [scrub symbol table, 0.0128290 secs]292.703: [scrub string table, 0.0011792 secs][1 CMS-remark: 421473K(705648K)] 971340K(1319088K), 0.0735544 secs] [Times: user=0.41 sys=0.00, real=0.07 secs] 
292.705: [CMS-concurrent-sweep-start]
292.834: [CMS-concurrent-sweep: 0.129/0.129 secs] [Times: user=0.13 sys=0.00, real=0.13 secs] 
292.834: [CMS-concurrent-reset-start]
292.852: [CMS-concurrent-reset: 0.018/0.018 secs] [Times: user=0.02 sys=0.00, real=0.02 secs] 
294.853: [GC (CMS Initial Mark) [1 CMS-initial-mark: 421473K(705648K)] 971340K(1319088K), 0.0461186 secs] [Times: user=0.27 sys=0.00, real=0.05 secs] 
294.899: [CMS-concurrent-mark-start]
295.368: [CMS-concurrent-mark: 0.469/0.469 secs] [Times: user=0.94 sys=0.00, real=0.47 secs] 
295.368: [CMS-concurrent-preclean-start]
295.370: [CMS-concurrent-preclean: 0.002/0.002 secs] [Times: user=0.00 sys=0.00, real=0.00 secs] 
295.371: [CMS-concurrent-abortable-preclean-start]
 CMS: abort preclean due to time 300.997: [CMS-concurrent-abortable-preclean: 4.826/5.627 secs] [Times: user=4.86 sys=0.00, real=5.63 secs] 
300.998: [GC (CMS Final Remark) [YG occupancy: 549866 K (613440 K)]300.998: [Rescan (parallel) , 0.0444969 secs]301.042: [weak refs processing, 0.0000620 secs]301.042: [class unloading, 0.0133413 secs]301.056: [scrub symbol table, 0.0117484 secs]301.068: [scrub string table, 0.0011547 secs][1 CMS-remark: 421473K(705648K)] 971340K(1319088K), 0.0713119 secs] [Times: user=0.38 sys=0.00, real=0.07 secs] 
301.069: [CMS-concurrent-sweep-start]
301.189: [CMS-concurrent-sweep: 0.120/0.120 secs] [Times: user=0.13 sys=0.00, real=0.12 secs] 
301.189: [CMS-concurrent-reset-start]
301.206: [CMS-concurrent-reset: 0.017/0.017 secs] [Times: user=0.02 sys=0.00, real=0.02 secs] 
303.207: [GC (CMS Initial Mark) [1 CMS-initial-mark: 421473K(705648K)] 971340K(1319088K), 0.0421935 secs] [Times: user=0.38 sys=0.00, real=0.04 secs] 
303.250: [CMS-concurrent-mark-start]
303.678: [CMS-concurrent-mark: 0.428/0.428 secs] [Times: user=0.84 sys=0.00, real=0.43 secs] 
303.678: [CMS-concurrent-preclean-start]
303.682: [CMS-concurrent-preclean: 0.004/0.004 secs] [Times: user=0.01 sys=0.00, real=0.00 secs] 
303.682: [CMS-concurrent-abortable-preclean-start]
 CMS: abort preclean due to time 308.729: [CMS-concurrent-abortable-preclean: 4.545/5.047 secs] [Times: user=5.33 sys=0.14, real=5.05 secs] 
308.730: [GC (CMS Final Remark) [YG occupancy: 561328 K (613440 K)]308.730: [Rescan (parallel) , 0.0449725 secs]308.775: [weak refs processing, 0.0000400 secs]308.775: [class unloading, 0.0121100 secs]308.787: [scrub symbol table, 0.0120126 secs]308.799: [scrub string table, 0.0011339 secs][1 CMS-remark: 421473K(705648K)] 982801K(1319088K), 0.0707996 secs] [Times: user=0.36 sys=0.00, real=0.07 secs] 
308.801: [CMS-concurrent-sweep-start]
308.925: [CMS-concurrent-sweep: 0.124/0.124 secs] [Times: user=0.13 sys=0.00, real=0.12 secs] 
308.925: [CMS-concurrent-reset-start]
308.941: [CMS-concurrent-reset: 0.016/0.016 secs] [Times: user=0.02 sys=0.00, real=0.02 secs] 
310.940: [GC (CMS Initial Mark) [1 CMS-initial-mark: 421473K(705648K)] 1001116K(1319088K), 0.0464258 secs] [Times: user=0.36 sys=0.00, real=0.05 secs] 
310.987: [CMS-concurrent-mark-start]
311.449: [CMS-concurrent-mark: 0.462/0.462 secs] [Times: user=0.92 sys=0.02, real=0.46 secs] 
311.449: [CMS-concurrent-preclean-start]
311.452: [CMS-concurrent-preclean: 0.003/0.003 secs] [Times: user=0.00 sys=0.00, real=0.00 secs] 
311.452: [CMS-concurrent-abortable-preclean-start]
 CMS: abort preclean due to time 316.715: [CMS-concurrent-abortable-preclean: 4.562/5.263 secs] [Times: user=4.58 sys=0.00, real=5.26 secs] 
316.716: [GC (CMS Final Remark) [YG occupancy: 579643 K (613440 K)]316.716: [Rescan (parallel) , 0.0448797 secs]316.761: [weak refs processing, 0.0000619 secs]316.761: [class unloading, 0.0169905 secs]316.778: [scrub symbol table, 0.0116133 secs]316.790: [scrub string table, 0.0011456 secs][1 CMS-remark: 421473K(705648K)] 1001116K(1319088K), 0.0752526 secs] [Times: user=0.41 sys=0.00, real=0.08 secs] 
316.791: [CMS-concurrent-sweep-start]
316.915: [CMS-concurrent-sweep: 0.124/0.124 secs] [Times: user=0.13 sys=0.00, real=0.12 secs] 
316.915: [CMS-concurrent-reset-start]
316.932: [CMS-concurrent-reset: 0.017/0.017 secs] [Times: user=0.02 sys=0.00, real=0.02 secs] 
318.932: [GC (CMS Initial Mark) [1 CMS-initial-mark: 421473K(705648K)] 1001116K(1319088K), 0.0433977 secs] [Times: user=0.25 sys=0.00, real=0.04 secs] 
318.975: [CMS-concurrent-mark-start]
319.395: [CMS-concurrent-mark: 0.419/0.419 secs] [Times: user=0.84 sys=0.00, real=0.42 secs] 
319.395: [CMS-concurrent-preclean-start]
319.398: [CMS-concurrent-preclean: 0.003/0.003 secs] [Times: user=0.00 sys=0.00, real=0.00 secs] 
319.398: [CMS-concurrent-abortable-preclean-start]
 CMS: abort preclean due to time 324.424: [CMS-concurrent-abortable-preclean: 4.325/5.026 secs] [Times: user=4.31 sys=0.02, real=5.03 secs] 
324.424: [GC (CMS Final Remark) [YG occupancy: 579643 K (613440 K)]324.424: [Rescan (parallel) , 0.0445432 secs]324.469: [weak refs processing, 0.0000678 secs]324.469: [class unloading, 0.0117748 secs]324.481: [scrub symbol table, 0.0118393 secs]324.493: [scrub string table, 0.0011630 secs][1 CMS-remark: 421473K(705648K)] 1001116K(1319088K), 0.0699426 secs] [Times: user=0.38 sys=0.02, real=0.07 secs] 
324.494: [CMS-concurrent-sweep-start]
324.619: [CMS-concurrent-sweep: 0.124/0.124 secs] [Times: user=0.13 sys=0.00, real=0.12 secs] 
324.619: [CMS-concurrent-reset-start]
324.636: [CMS-concurrent-reset: 0.018/0.018 secs] [Times: user=0.02 sys=0.00, real=0.02 secs] 
326.636: [GC (CMS Initial Mark) [1 CMS-initial-mark: 421473K(705648K)] 1001116K(1319088K), 0.0434763 secs] [Times: user=0.25 sys=0.00, real=0.04 secs] 
326.679: [CMS-concurrent-mark-start]
327.109: [CMS-concurrent-mark: 0.430/0.430 secs] [Times: user=0.89 sys=0.00, real=0.43 secs] 
327.109: [CMS-concurrent-preclean-start]
327.112: [CMS-concurrent-preclean: 0.002/0.002 secs] [Times: user=0.00 sys=0.00, real=0.00 secs] 
327.112: [CMS-concurrent-abortable-preclean-start]
 CMS: abort preclean due to time 332.244: [CMS-concurrent-abortable-preclean: 4.431/5.132 secs] [Times: user=4.44 sys=0.00, real=5.13 secs] 
332.244: [GC (CMS Final Remark) [YG occupancy: 579643 K (613440 K)]332.244: [Rescan (parallel) , 0.0450049 secs]332.289: [weak refs processing, 0.0000571 secs]332.289: [class unloading, 0.0114989 secs]332.301: [scrub symbol table, 0.0116289 secs]332.313: [scrub string table, 0.0011580 secs][1 CMS-remark: 421473K(705648K)] 1001116K(1319088K), 0.0698738 secs] [Times: user=0.38 sys=0.00, real=0.07 secs] 
332.314: [CMS-concurrent-sweep-start]
332.436: [CMS-concurrent-sweep: 0.122/0.122 secs] [Times: user=0.13 sys=0.00, real=0.12 secs] 
332.437: [CMS-concurrent-reset-start]
332.452: [CMS-concurrent-reset: 0.015/0.015 secs] [Times: user=0.02 sys=0.00, real=0.02 secs] 
334.452: [GC (CMS Initial Mark) [1 CMS-initial-mark: 421473K(705648K)] 1001116K(1319088K), 0.0436198 secs] [Times: user=0.38 sys=0.00, real=0.04 secs] 
334.496: [CMS-concurrent-mark-start]
334.908: [CMS-concurrent-mark: 0.412/0.412 secs] [Times: user=0.81 sys=0.00, real=0.41 secs] 
334.908: [CMS-concurrent-preclean-start]
334.912: [CMS-concurrent-preclean: 0.004/0.004 secs] [Times: user=0.00 sys=0.00, real=0.00 secs] 
334.912: [CMS-concurrent-abortable-preclean-start]
 CMS: abort preclean due to time 340.039: [CMS-concurrent-abortable-preclean: 4.425/5.127 secs] [Times: user=4.41 sys=0.00, real=5.13 secs] 
340.040: [GC (CMS Final Remark) [YG occupancy: 579643 K (613440 K)]340.040: [Rescan (parallel) , 0.0461082 secs]340.086: [weak refs processing, 0.0000622 secs]340.086: [class unloading, 0.0128047 secs]340.099: [scrub symbol table, 0.0122519 secs]340.111: [scrub string table, 0.0011626 secs][1 CMS-remark: 421473K(705648K)] 1001116K(1319088K), 0.0728936 secs] [Times: user=0.38 sys=0.00, real=0.07 secs] 
340.113: [CMS-concurrent-sweep-start]
340.235: [CMS-concurrent-sweep: 0.123/0.123 secs] [Times: user=0.13 sys=0.00, real=0.12 secs] 
340.235: [CMS-concurrent-reset-start]
340.253: [CMS-concurrent-reset: 0.018/0.018 secs] [Times: user=0.01 sys=0.00, real=0.02 secs] 
342.253: [GC (CMS Initial Mark) [1 CMS-initial-mark: 421473K(705648K)] 1001116K(1319088K), 0.0499468 secs] [Times: user=0.34 sys=0.00, real=0.05 secs] 
342.304: [CMS-concurrent-mark-start]
342.746: [CMS-concurrent-mark: 0.443/0.443 secs] [Times: user=0.91 sys=0.00, real=0.44 secs] 
342.747: [CMS-concurrent-preclean-start]
342.750: [CMS-concurrent-preclean: 0.003/0.003 secs] [Times: user=0.00 sys=0.00, real=0.00 secs] 
342.750: [CMS-concurrent-abortable-preclean-start]
 CMS: abort preclean due to time 347.802: [CMS-concurrent-abortable-preclean: 4.349/5.052 secs] [Times: user=4.31 sys=0.02, real=5.05 secs] 
347.802: [GC (CMS Final Remark) [YG occupancy: 579643 K (613440 K)]347.803: [Rescan (parallel) , 0.0445258 secs]347.847: [weak refs processing, 0.0000648 secs]347.847: [class unloading, 0.0139796 secs]347.861: [scrub symbol table, 0.0113343 secs]347.873: [scrub string table, 0.0011486 secs][1 CMS-remark: 421473K(705648K)] 1001116K(1319088K), 0.0715726 secs] [Times: user=0.41 sys=0.00, real=0.07 secs] 
347.874: [CMS-concurrent-sweep-start]
347.999: [CMS-concurrent-sweep: 0.125/0.125 secs] [Times: user=0.13 sys=0.00, real=0.12 secs] 
347.999: [CMS-concurrent-reset-start]
348.015: [CMS-concurrent-reset: 0.016/0.016 secs] [Times: user=0.02 sys=0.00, real=0.02 secs] 
350.015: [GC (CMS Initial Mark) [1 CMS-initial-mark: 421473K(705648K)] 1001116K(1319088K), 0.0443781 secs] [Times: user=0.36 sys=0.00, real=0.04 secs] 
350.060: [CMS-concurrent-mark-start]
350.483: [CMS-concurrent-mark: 0.423/0.423 secs] [Times: user=0.84 sys=0.00, real=0.42 secs] 
350.483: [CMS-concurrent-preclean-start]
350.486: [CMS-concurrent-preclean: 0.002/0.002 secs] [Times: user=0.00 sys=0.00, real=0.00 secs] 
350.486: [CMS-concurrent-abortable-preclean-start]
 CMS: abort preclean due to time 355.597: [CMS-concurrent-abortable-preclean: 4.409/5.111 secs] [Times: user=4.39 sys=0.00, real=5.11 secs] 
355.597: [GC (CMS Final Remark) [YG occupancy: 579643 K (613440 K)]355.597: [Rescan (parallel) , 0.0479238 secs]355.646: [weak refs processing, 0.0000634 secs]355.646: [class unloading, 0.0124293 secs]355.658: [scrub symbol table, 0.0132057 secs]355.671: [scrub string table, 0.0012277 secs][1 CMS-remark: 421473K(705648K)] 1001116K(1319088K), 0.0756734 secs] [Times: user=0.41 sys=0.00, real=0.08 secs] 
355.673: [CMS-concurrent-sweep-start]
355.800: [CMS-concurrent-sweep: 0.127/0.127 secs] [Times: user=0.11 sys=0.00, real=0.13 secs] 
355.800: [CMS-concurrent-reset-start]
355.820: [CMS-concurrent-reset: 0.021/0.021 secs] [Times: user=0.02 sys=0.00, real=0.02 secs] 
357.821: [GC (CMS Initial Mark) [1 CMS-initial-mark: 421473K(705648K)] 1001404K(1319088K), 0.0473664 secs] [Times: user=0.28 sys=0.00, real=0.05 secs] 
357.868: [CMS-concurrent-mark-start]
358.315: [CMS-concurrent-mark: 0.446/0.446 secs] [Times: user=0.88 sys=0.00, real=0.45 secs] 
358.315: [CMS-concurrent-preclean-start]
358.318: [CMS-concurrent-preclean: 0.003/0.003 secs] [Times: user=0.00 sys=0.00, real=0.00 secs] 
358.318: [CMS-concurrent-abortable-preclean-start]
 CMS: abort preclean due to time 363.529: [CMS-concurrent-abortable-preclean: 4.511/5.211 secs] [Times: user=4.51 sys=0.00, real=5.21 secs] 
363.529: [GC (CMS Final Remark) [YG occupancy: 579931 K (613440 K)]363.529: [Rescan (parallel) , 0.0444926 secs]363.574: [weak refs processing, 0.0000648 secs]363.574: [class unloading, 0.0122934 secs]363.586: [scrub symbol table, 0.0115895 secs]363.598: [scrub string table, 0.0011488 secs][1 CMS-remark: 421473K(705648K)] 1001404K(1319088K), 0.0701311 secs] [Times: user=0.39 sys=0.00, real=0.07 secs] 
363.599: [CMS-concurrent-sweep-start]
363.721: [CMS-concurrent-sweep: 0.122/0.122 secs] [Times: user=0.13 sys=0.00, real=0.12 secs] 
363.722: [CMS-concurrent-reset-start]
363.740: [CMS-concurrent-reset: 0.018/0.018 secs] [Times: user=0.02 sys=0.00, real=0.02 secs] 
365.740: [GC (CMS Initial Mark) [1 CMS-initial-mark: 421473K(705648K)] 1001404K(1319088K), 0.0470046 secs] [Times: user=0.34 sys=0.00, real=0.05 secs] 
365.787: [CMS-concurrent-mark-start]
366.229: [CMS-concurrent-mark: 0.442/0.442 secs] [Times: user=0.91 sys=0.00, real=0.44 secs] 
366.229: [CMS-concurrent-preclean-start]
366.232: [CMS-concurrent-preclean: 0.003/0.003 secs] [Times: user=0.00 sys=0.00, real=0.00 secs] 
366.232: [CMS-concurrent-abortable-preclean-start]
 CMS: abort preclean due to time 371.273: [CMS-concurrent-abortable-preclean: 4.368/5.041 secs] [Times: user=4.36 sys=0.00, real=5.04 secs] 
371.273: [GC (CMS Final Remark) [YG occupancy: 579931 K (613440 K)]371.273: [Rescan (parallel) , 0.0449977 secs]371.318: [weak refs processing, 0.0000522 secs]371.318: [class unloading, 0.0134512 secs]371.331: [scrub symbol table, 0.0145193 secs]371.346: [scrub string table, 0.0015520 secs][1 CMS-remark: 421473K(705648K)] 1001404K(1319088K), 0.0753447 secs] [Times: user=0.41 sys=0.00, real=0.08 secs] 
371.348: [CMS-concurrent-sweep-start]
371.469: [CMS-concurrent-sweep: 0.120/0.120 secs] [Times: user=0.13 sys=0.00, real=0.12 secs] 
371.469: [CMS-concurrent-reset-start]
371.487: [CMS-concurrent-reset: 0.019/0.019 secs] [Times: user=0.02 sys=0.00, real=0.02 secs] 
373.487: [GC (CMS Initial Mark) [1 CMS-initial-mark: 421473K(705648K)] 1001404K(1319088K), 0.0429691 secs] [Times: user=0.38 sys=0.00, real=0.04 secs] 
373.530: [CMS-concurrent-mark-start]
373.935: [CMS-concurrent-mark: 0.405/0.405 secs] [Times: user=0.81 sys=0.00, real=0.40 secs] 
373.935: [CMS-concurrent-preclean-start]
373.938: [CMS-concurrent-preclean: 0.003/0.003 secs] [Times: user=0.00 sys=0.00, real=0.00 secs] 
373.938: [CMS-concurrent-abortable-preclean-start]
 CMS: abort preclean due to time 378.980: [CMS-concurrent-abortable-preclean: 4.340/5.042 secs] [Times: user=4.36 sys=0.02, real=5.04 secs] 
378.980: [GC (CMS Final Remark) [YG occupancy: 579931 K (613440 K)]378.980: [Rescan (parallel) , 0.0448464 secs]379.025: [weak refs processing, 0.0000785 secs]379.025: [class unloading, 0.0123297 secs]379.037: [scrub symbol table, 0.0125131 secs]379.050: [scrub string table, 0.0011956 secs][1 CMS-remark: 421473K(705648K)] 1001404K(1319088K), 0.0714927 secs] [Times: user=0.39 sys=0.00, real=0.07 secs] 
379.052: [CMS-concurrent-sweep-start]
379.173: [CMS-concurrent-sweep: 0.121/0.121 secs] [Times: user=0.13 sys=0.00, real=0.12 secs] 
379.173: [CMS-concurrent-reset-start]
379.192: [CMS-concurrent-reset: 0.019/0.019 secs] [Times: user=0.02 sys=0.00, real=0.02 secs] 
381.193: [GC (CMS Initial Mark) [1 CMS-initial-mark: 421473K(705648K)] 1001404K(1319088K), 0.0441834 secs] [Times: user=0.36 sys=0.00, real=0.04 secs] 
381.237: [CMS-concurrent-mark-start]
381.675: [CMS-concurrent-mark: 0.438/0.438 secs] [Times: user=0.88 sys=0.00, real=0.44 secs] 
381.675: [CMS-concurrent-preclean-start]
381.678: [CMS-concurrent-preclean: 0.003/0.003 secs] [Times: user=0.00 sys=0.00, real=0.00 secs] 
381.678: [CMS-concurrent-abortable-preclean-start]
 CMS: abort preclean due to time 386.732: [CMS-concurrent-abortable-preclean: 4.453/5.053 secs] [Times: user=4.42 sys=0.00, real=5.05 secs] 
386.732: [GC (CMS Final Remark) [YG occupancy: 579931 K (613440 K)]386.732: [Rescan (parallel) , 0.0498957 secs]386.782: [weak refs processing, 0.0000568 secs]386.782: [class unloading, 0.0120083 secs]386.794: [scrub symbol table, 0.0132446 secs]386.807: [scrub string table, 0.0011494 secs][1 CMS-remark: 421473K(705648K)] 1001404K(1319088K), 0.0768796 secs] [Times: user=0.36 sys=0.00, real=0.08 secs] 
386.809: [CMS-concurrent-sweep-start]
386.941: [CMS-concurrent-sweep: 0.132/0.132 secs] [Times: user=0.13 sys=0.00, real=0.13 secs] 
386.941: [CMS-concurrent-reset-start]
386.967: [CMS-concurrent-reset: 0.026/0.026 secs] [Times: user=0.03 sys=0.00, real=0.03 secs] 
388.967: [GC (CMS Initial Mark) [1 CMS-initial-mark: 421473K(705648K)] 1001404K(1319088K), 0.0468457 secs] [Times: user=0.31 sys=0.00, real=0.05 secs] 
389.014: [CMS-concurrent-mark-start]
389.474: [CMS-concurrent-mark: 0.460/0.460 secs] [Times: user=0.91 sys=0.00, real=0.46 secs] 
389.474: [CMS-concurrent-preclean-start]
389.477: [CMS-concurrent-preclean: 0.003/0.003 secs] [Times: user=0.02 sys=0.00, real=0.00 secs] 
389.477: [CMS-concurrent-abortable-preclean-start]
 CMS: abort preclean due to time 394.921: [CMS-concurrent-abortable-preclean: 4.744/5.444 secs] [Times: user=4.72 sys=0.02, real=5.44 secs] 
394.922: [GC (CMS Final Remark) [YG occupancy: 579931 K (613440 K)]394.922: [Rescan (parallel) , 0.0444829 secs]394.966: [weak refs processing, 0.0000752 secs]394.966: [class unloading, 0.0117054 secs]394.978: [scrub symbol table, 0.0116966 secs]394.990: [scrub string table, 0.0011555 secs][1 CMS-remark: 421473K(705648K)] 1001404K(1319088K), 0.0696169 secs] [Times: user=0.39 sys=0.00, real=0.07 secs] 
394.991: [CMS-concurrent-sweep-start]
395.114: [CMS-concurrent-sweep: 0.122/0.122 secs] [Times: user=0.13 sys=0.00, real=0.12 secs] 
395.114: [CMS-concurrent-reset-start]
395.134: [CMS-concurrent-reset: 0.020/0.020 secs] [Times: user=0.03 sys=0.00, real=0.02 secs] 
397.133: [GC (CMS Initial Mark) [1 CMS-initial-mark: 421473K(705648K)] 1001404K(1319088K), 0.0430792 secs] [Times: user=0.25 sys=0.00, real=0.04 secs] 
397.176: [CMS-concurrent-mark-start]
397.603: [CMS-concurrent-mark: 0.427/0.427 secs] [Times: user=0.88 sys=0.00, real=0.43 secs] 
397.604: [CMS-concurrent-preclean-start]
397.607: [CMS-concurrent-preclean: 0.003/0.003 secs] [Times: user=0.00 sys=0.00, real=0.00 secs] 
397.607: [CMS-concurrent-abortable-preclean-start]
 CMS: abort preclean due to time 402.686: [CMS-concurrent-abortable-preclean: 4.379/5.079 secs] [Times: user=4.38 sys=0.00, real=5.08 secs] 
402.686: [GC (CMS Final Remark) [YG occupancy: 579931 K (613440 K)]402.686: [Rescan (parallel) , 0.0511381 secs]402.737: [weak refs processing, 0.0000682 secs]402.737: [class unloading, 0.0174392 secs]402.755: [scrub symbol table, 0.0149823 secs]402.770: [scrub string table, 0.0012912 secs][1 CMS-remark: 421473K(705648K)] 1001404K(1319088K), 0.0855300 secs] [Times: user=0.36 sys=0.00, real=0.09 secs] 
402.772: [CMS-concurrent-sweep-start]
402.928: [CMS-concurrent-sweep: 0.157/0.157 secs] [Times: user=0.16 sys=0.00, real=0.16 secs] 
402.929: [CMS-concurrent-reset-start]
402.950: [CMS-concurrent-reset: 0.021/0.021 secs] [Times: user=0.03 sys=0.00, real=0.02 secs] 
404.950: [GC (CMS Initial Mark) [1 CMS-initial-mark: 421473K(705648K)] 1001404K(1319088K), 0.0476591 secs] [Times: user=0.34 sys=0.00, real=0.05 secs] 
404.998: [CMS-concurrent-mark-start]
405.422: [CMS-concurrent-mark: 0.424/0.424 secs] [Times: user=0.84 sys=0.00, real=0.42 secs] 
405.422: [CMS-concurrent-preclean-start]
405.425: [CMS-concurrent-preclean: 0.003/0.003 secs] [Times: user=0.00 sys=0.00, real=0.00 secs] 
405.425: [CMS-concurrent-abortable-preclean-start]
 CMS: abort preclean due to time 410.626: [CMS-concurrent-abortable-preclean: 4.498/5.201 secs] [Times: user=4.52 sys=0.00, real=5.20 secs] 
410.626: [GC (CMS Final Remark) [YG occupancy: 579931 K (613440 K)]410.626: [Rescan (parallel) , 0.0490213 secs]410.676: [weak refs processing, 0.0000609 secs]410.676: [class unloading, 0.0150045 secs]410.691: [scrub symbol table, 0.0129823 secs]410.704: [scrub string table, 0.0012850 secs][1 CMS-remark: 421473K(705648K)] 1001404K(1319088K), 0.0788736 secs] [Times: user=0.38 sys=0.00, real=0.08 secs] 
410.705: [CMS-concurrent-sweep-start]
410.827: [CMS-concurrent-sweep: 0.122/0.122 secs] [Times: user=0.13 sys=0.00, real=0.12 secs] 
410.827: [CMS-concurrent-reset-start]
410.842: [CMS-concurrent-reset: 0.015/0.015 secs] [Times: user=0.02 sys=0.00, real=0.02 secs] 
412.842: [GC (CMS Initial Mark) [1 CMS-initial-mark: 421473K(705648K)] 1001404K(1319088K), 0.0434092 secs] [Times: user=0.38 sys=0.00, real=0.04 secs] 
412.885: [CMS-concurrent-mark-start]
413.342: [CMS-concurrent-mark: 0.457/0.457 secs] [Times: user=0.91 sys=0.00, real=0.46 secs] 
413.342: [CMS-concurrent-preclean-start]
413.345: [CMS-concurrent-preclean: 0.003/0.003 secs] [Times: user=0.00 sys=0.00, real=0.00 secs] 
413.345: [CMS-concurrent-abortable-preclean-start]
 CMS: abort preclean due to time 418.534: [CMS-concurrent-abortable-preclean: 4.488/5.189 secs] [Times: user=4.47 sys=0.00, real=5.19 secs] 
418.534: [GC (CMS Final Remark) [YG occupancy: 580763 K (613440 K)]418.534: [Rescan (parallel) , 0.0504246 secs]418.584: [weak refs processing, 0.0000656 secs]418.584: [class unloading, 0.0142249 secs]418.599: [scrub symbol table, 0.0135048 secs]418.612: [scrub string table, 0.0013553 secs][1 CMS-remark: 421473K(705648K)] 1002237K(1319088K), 0.0801558 secs] [Times: user=0.41 sys=0.00, real=0.08 secs] 
418.614: [CMS-concurrent-sweep-start]
418.738: [CMS-concurrent-sweep: 0.124/0.124 secs] [Times: user=0.13 sys=0.00, real=0.13 secs] 
418.738: [CMS-concurrent-reset-start]
418.755: [CMS-concurrent-reset: 0.017/0.017 secs] [Times: user=0.01 sys=0.00, real=0.02 secs] 
420.755: [GC (CMS Initial Mark) [1 CMS-initial-mark: 421473K(705648K)] 1002237K(1319088K), 0.0432551 secs] [Times: user=0.38 sys=0.00, real=0.04 secs] 
420.798: [CMS-concurrent-mark-start]
421.206: [CMS-concurrent-mark: 0.408/0.408 secs] [Times: user=0.81 sys=0.00, real=0.41 secs] 
421.206: [CMS-concurrent-preclean-start]
421.209: [CMS-concurrent-preclean: 0.003/0.003 secs] [Times: user=0.00 sys=0.00, real=0.00 secs] 
421.209: [CMS-concurrent-abortable-preclean-start]
 CMS: abort preclean due to time 426.392: [CMS-concurrent-abortable-preclean: 4.481/5.183 secs] [Times: user=4.48 sys=0.02, real=5.18 secs] 
426.392: [GC (CMS Final Remark) [YG occupancy: 580763 K (613440 K)]426.392: [Rescan (parallel) , 0.0458386 secs]426.438: [weak refs processing, 0.0000535 secs]426.438: [class unloading, 0.0131918 secs]426.451: [scrub symbol table, 0.0115543 secs]426.463: [scrub string table, 0.0011408 secs][1 CMS-remark: 421473K(705648K)] 1002237K(1319088K), 0.0722980 secs] [Times: user=0.41 sys=0.00, real=0.07 secs] 
426.465: [CMS-concurrent-sweep-start]
426.601: [CMS-concurrent-sweep: 0.137/0.137 secs] [Times: user=0.13 sys=0.00, real=0.14 secs] 
426.601: [CMS-concurrent-reset-start]
426.626: [CMS-concurrent-reset: 0.024/0.024 secs] [Times: user=0.03 sys=0.00, real=0.02 secs] 
428.626: [GC (CMS Initial Mark) [1 CMS-initial-mark: 421473K(705648K)] 1004115K(1319088K), 0.0456364 secs] [Times: user=0.36 sys=0.00, real=0.05 secs] 
428.672: [CMS-concurrent-mark-start]
429.187: [CMS-concurrent-mark: 0.516/0.516 secs] [Times: user=1.03 sys=0.02, real=0.51 secs] 
429.188: [CMS-concurrent-preclean-start]
429.191: [CMS-concurrent-preclean: 0.003/0.003 secs] [Times: user=0.00 sys=0.00, real=0.00 secs] 
429.191: [CMS-concurrent-abortable-preclean-start]
 CMS: abort preclean due to time 434.531: [CMS-concurrent-abortable-preclean: 4.639/5.340 secs] [Times: user=4.61 sys=0.00, real=5.34 secs] 
434.531: [GC (CMS Final Remark) [YG occupancy: 582641 K (613440 K)]434.531: [Rescan (parallel) , 0.0472076 secs]434.578: [weak refs processing, 0.0000740 secs]434.579: [class unloading, 0.0206209 secs]434.599: [scrub symbol table, 0.0116337 secs]434.611: [scrub string table, 0.0011471 secs][1 CMS-remark: 421473K(705648K)] 1004115K(1319088K), 0.0811873 secs] [Times: user=0.39 sys=0.00, real=0.08 secs] 
434.612: [CMS-concurrent-sweep-start]
434.734: [CMS-concurrent-sweep: 0.122/0.122 secs] [Times: user=0.13 sys=0.00, real=0.12 secs] 
434.734: [CMS-concurrent-reset-start]
434.750: [CMS-concurrent-reset: 0.016/0.016 secs] [Times: user=0.02 sys=0.00, real=0.02 secs] 
436.751: [GC (CMS Initial Mark) [1 CMS-initial-mark: 421473K(705648K)] 1004115K(1319088K), 0.0486765 secs] [Times: user=0.38 sys=0.00, real=0.05 secs] 
436.800: [CMS-concurrent-mark-start]
437.286: [CMS-concurrent-mark: 0.486/0.486 secs] [Times: user=0.97 sys=0.00, real=0.49 secs] 
437.286: [CMS-concurrent-preclean-start]
437.289: [CMS-concurrent-preclean: 0.003/0.003 secs] [Times: user=0.00 sys=0.00, real=0.00 secs] 
437.289: [CMS-concurrent-abortable-preclean-start]
 CMS: abort preclean due to time 442.508: [CMS-concurrent-abortable-preclean: 4.517/5.219 secs] [Times: user=4.42 sys=0.00, real=5.22 secs] 
442.508: [GC (CMS Final Remark) [YG occupancy: 582641 K (613440 K)]442.508: [Rescan (parallel) , 0.0485245 secs]442.556: [weak refs processing, 0.0000674 secs]442.557: [class unloading, 0.0125837 secs]442.569: [scrub symbol table, 0.0123754 secs]442.582: [scrub string table, 0.0013524 secs][1 CMS-remark: 421473K(705648K)] 1004115K(1319088K), 0.0754248 secs] [Times: user=0.50 sys=0.00, real=0.08 secs] 
442.583: [CMS-concurrent-sweep-start]
442.718: [CMS-concurrent-sweep: 0.134/0.134 secs] [Times: user=0.14 sys=0.00, real=0.13 secs] 
442.718: [CMS-concurrent-reset-start]
442.735: [CMS-concurrent-reset: 0.017/0.017 secs] [Times: user=0.02 sys=0.00, real=0.02 secs] 
444.736: [GC (CMS Initial Mark) [1 CMS-initial-mark: 421473K(705648K)] 1004115K(1319088K), 0.0442688 secs] [Times: user=0.36 sys=0.00, real=0.04 secs] 
444.780: [CMS-concurrent-mark-start]
445.272: [CMS-concurrent-mark: 0.492/0.492 secs] [Times: user=0.97 sys=0.00, real=0.49 secs] 
445.272: [CMS-concurrent-preclean-start]
445.275: [CMS-concurrent-preclean: 0.003/0.003 secs] [Times: user=0.02 sys=0.00, real=0.00 secs] 
445.275: [CMS-concurrent-abortable-preclean-start]
 CMS: abort preclean due to time 450.530: [CMS-concurrent-abortable-preclean: 4.553/5.255 secs] [Times: user=4.52 sys=0.00, real=5.26 secs] 
450.530: [GC (CMS Final Remark) [YG occupancy: 582641 K (613440 K)]450.530: [Rescan (parallel) , 0.0462043 secs]450.576: [weak refs processing, 0.0000577 secs]450.576: [class unloading, 0.0124989 secs]450.589: [scrub symbol table, 0.0115941 secs]450.601: [scrub string table, 0.0011387 secs][1 CMS-remark: 421473K(705648K)] 1004115K(1319088K), 0.0719930 secs] [Times: user=0.39 sys=0.00, real=0.07 secs] 
450.602: [CMS-concurrent-sweep-start]
450.728: [CMS-concurrent-sweep: 0.125/0.125 secs] [Times: user=0.13 sys=0.00, real=0.13 secs] 
450.728: [CMS-concurrent-reset-start]
450.744: [CMS-concurrent-reset: 0.016/0.016 secs] [Times: user=0.02 sys=0.00, real=0.02 secs] 
452.743: [GC (CMS Initial Mark) [1 CMS-initial-mark: 421473K(705648K)] 1004115K(1319088K), 0.0515101 secs] [Times: user=0.38 sys=0.00, real=0.05 secs] 
452.795: [CMS-concurrent-mark-start]
453.210: [CMS-concurrent-mark: 0.415/0.415 secs] [Times: user=0.81 sys=0.00, real=0.42 secs] 
453.210: [CMS-concurrent-preclean-start]
453.214: [CMS-concurrent-preclean: 0.004/0.004 secs] [Times: user=0.02 sys=0.00, real=0.00 secs] 
453.214: [CMS-concurrent-abortable-preclean-start]
 CMS: abort preclean due to time 458.386: [CMS-concurrent-abortable-preclean: 4.470/5.172 secs] [Times: user=4.45 sys=0.00, real=5.17 secs] 
458.387: [GC (CMS Final Remark) [YG occupancy: 582641 K (613440 K)]458.387: [Rescan (parallel) , 0.0450033 secs]458.432: [weak refs processing, 0.0000545 secs]458.432: [class unloading, 0.0144528 secs]458.446: [scrub symbol table, 0.0117907 secs]458.458: [scrub string table, 0.0011434 secs][1 CMS-remark: 421473K(705648K)] 1004115K(1319088K), 0.0729485 secs] [Times: user=0.39 sys=0.00, real=0.07 secs] 
458.460: [CMS-concurrent-sweep-start]
458.586: [CMS-concurrent-sweep: 0.126/0.126 secs] [Times: user=0.13 sys=0.00, real=0.13 secs] 
458.586: [CMS-concurrent-reset-start]
458.602: [CMS-concurrent-reset: 0.017/0.017 secs] [Times: user=0.03 sys=0.00, real=0.02 secs] 
460.602: [GC (CMS Initial Mark) [1 CMS-initial-mark: 421473K(705648K)] 1004115K(1319088K), 0.0431805 secs] [Times: user=0.25 sys=0.00, real=0.04 secs] 
460.646: [CMS-concurrent-mark-start]
461.065: [CMS-concurrent-mark: 0.420/0.420 secs] [Times: user=0.84 sys=0.00, real=0.42 secs] 
461.065: [CMS-concurrent-preclean-start]
461.068: [CMS-concurrent-preclean: 0.003/0.003 secs] [Times: user=0.00 sys=0.00, real=0.00 secs] 
461.068: [CMS-concurrent-abortable-preclean-start]
 CMS: abort preclean due to time 466.255: [CMS-concurrent-abortable-preclean: 4.485/5.187 secs] [Times: user=4.47 sys=0.00, real=5.19 secs] 
466.255: [GC (CMS Final Remark) [YG occupancy: 582641 K (613440 K)]466.255: [Rescan (parallel) , 0.0440466 secs]466.299: [weak refs processing, 0.0000550 secs]466.299: [class unloading, 0.0146032 secs]466.314: [scrub symbol table, 0.0118952 secs]466.326: [scrub string table, 0.0011419 secs][1 CMS-remark: 421473K(705648K)] 1004115K(1319088K), 0.0722721 secs] [Times: user=0.41 sys=0.00, real=0.07 secs] 
466.328: [CMS-concurrent-sweep-start]
466.447: [CMS-concurrent-sweep: 0.120/0.120 secs] [Times: user=0.13 sys=0.00, real=0.12 secs] 
466.447: [CMS-concurrent-reset-start]
466.464: [CMS-concurrent-reset: 0.016/0.016 secs] [Times: user=0.02 sys=0.00, real=0.02 secs] 
468.463: [GC (CMS Initial Mark) [1 CMS-initial-mark: 421473K(705648K)] 1004115K(1319088K), 0.0430725 secs] [Times: user=0.25 sys=0.00, real=0.04 secs] 
468.506: [CMS-concurrent-mark-start]
468.919: [CMS-concurrent-mark: 0.413/0.413 secs] [Times: user=0.84 sys=0.00, real=0.41 secs] 
468.919: [CMS-concurrent-preclean-start]
468.922: [CMS-concurrent-preclean: 0.002/0.002 secs] [Times: user=0.00 sys=0.00, real=0.00 secs] 
468.922: [CMS-concurrent-abortable-preclean-start]
 CMS: abort preclean due to time 474.252: [CMS-concurrent-abortable-preclean: 4.628/5.330 secs] [Times: user=4.63 sys=0.00, real=5.33 secs] 
474.252: [GC (CMS Final Remark) [YG occupancy: 582929 K (613440 K)]474.252: [Rescan (parallel) , 0.0467513 secs]474.299: [weak refs processing, 0.0000599 secs]474.299: [class unloading, 0.0150922 secs]474.314: [scrub symbol table, 0.0168878 secs]474.331: [scrub string table, 0.0012389 secs][1 CMS-remark: 421473K(705648K)] 1004403K(1319088K), 0.0805837 secs] [Times: user=0.39 sys=0.00, real=0.08 secs] 
474.332: [CMS-concurrent-sweep-start]
474.486: [CMS-concurrent-sweep: 0.154/0.154 secs] [Times: user=0.16 sys=0.00, real=0.15 secs] 
474.487: [CMS-concurrent-reset-start]
474.510: [CMS-concurrent-reset: 0.023/0.023 secs] [Times: user=0.03 sys=0.00, real=0.02 secs] 
476.509: [GC (CMS Initial Mark) [1 CMS-initial-mark: 421473K(705648K)] 1004403K(1319088K), 0.0427249 secs] [Times: user=0.25 sys=0.00, real=0.04 secs] 
476.552: [CMS-concurrent-mark-start]
476.980: [CMS-concurrent-mark: 0.428/0.428 secs] [Times: user=0.88 sys=0.00, real=0.43 secs] 
476.980: [CMS-concurrent-preclean-start]
476.983: [CMS-concurrent-preclean: 0.003/0.003 secs] [Times: user=0.00 sys=0.00, real=0.00 secs] 
476.983: [CMS-concurrent-abortable-preclean-start]
 CMS: abort preclean due to time 482.232: [CMS-concurrent-abortable-preclean: 4.547/5.248 secs] [Times: user=4.53 sys=0.00, real=5.25 secs] 
482.232: [GC (CMS Final Remark) [YG occupancy: 582929 K (613440 K)]482.232: [Rescan (parallel) , 0.0451859 secs]482.277: [weak refs processing, 0.0000598 secs]482.277: [class unloading, 0.0143725 secs]482.292: [scrub symbol table, 0.0162137 secs]482.308: [scrub string table, 0.0011738 secs][1 CMS-remark: 421473K(705648K)] 1004403K(1319088K), 0.0775328 secs] [Times: user=0.39 sys=0.02, real=0.08 secs] 
482.310: [CMS-concurrent-sweep-start]
482.443: [CMS-concurrent-sweep: 0.133/0.133 secs] [Times: user=0.13 sys=0.00, real=0.13 secs] 
482.443: [CMS-concurrent-reset-start]
482.459: [CMS-concurrent-reset: 0.015/0.015 secs] [Times: user=0.02 sys=0.00, real=0.02 secs] 
484.458: [GC (CMS Initial Mark) [1 CMS-initial-mark: 421473K(705648K)] 1004403K(1319088K), 0.0446078 secs] [Times: user=0.36 sys=0.00, real=0.04 secs] 
484.503: [CMS-concurrent-mark-start]
484.916: [CMS-concurrent-mark: 0.413/0.413 secs] [Times: user=0.84 sys=0.00, real=0.41 secs] 
484.916: [CMS-concurrent-preclean-start]
484.918: [CMS-concurrent-preclean: 0.003/0.003 secs] [Times: user=0.00 sys=0.00, real=0.00 secs] 
484.918: [CMS-concurrent-abortable-preclean-start]
 CMS: abort preclean due to time 489.989: [CMS-concurrent-abortable-preclean: 4.369/5.071 secs] [Times: user=4.30 sys=0.00, real=5.07 secs] 
489.990: [GC (CMS Final Remark) [YG occupancy: 582929 K (613440 K)]489.990: [Rescan (parallel) , 0.0448906 secs]490.035: [weak refs processing, 0.0000802 secs]490.035: [class unloading, 0.0117542 secs]490.047: [scrub symbol table, 0.0116925 secs]490.058: [scrub string table, 0.0011747 secs][1 CMS-remark: 421473K(705648K)] 1004403K(1319088K), 0.0701330 secs] [Times: user=0.41 sys=0.00, real=0.07 secs] 
490.060: [CMS-concurrent-sweep-start]
490.181: [CMS-concurrent-sweep: 0.122/0.122 secs] [Times: user=0.13 sys=0.00, real=0.12 secs] 
490.182: [CMS-concurrent-reset-start]
490.198: [CMS-concurrent-reset: 0.016/0.016 secs] [Times: user=0.01 sys=0.00, real=0.02 secs] 
492.198: [GC (CMS Initial Mark) [1 CMS-initial-mark: 421473K(705648K)] 1004403K(1319088K), 0.0430014 secs] [Times: user=0.25 sys=0.00, real=0.04 secs] 
492.241: [CMS-concurrent-mark-start]
492.651: [CMS-concurrent-mark: 0.409/0.409 secs] [Times: user=0.83 sys=0.00, real=0.41 secs] 
492.651: [CMS-concurrent-preclean-start]
492.653: [CMS-concurrent-preclean: 0.003/0.003 secs] [Times: user=0.00 sys=0.00, real=0.00 secs] 
492.653: [CMS-concurrent-abortable-preclean-start]
 CMS: abort preclean due to time 497.737: [CMS-concurrent-abortable-preclean: 4.380/5.084 secs] [Times: user=4.39 sys=0.00, real=5.08 secs] 
497.738: [GC (CMS Final Remark) [YG occupancy: 582929 K (613440 K)]497.738: [Rescan (parallel) , 0.0455978 secs]497.783: [weak refs processing, 0.0000656 secs]497.783: [class unloading, 0.0123450 secs]497.796: [scrub symbol table, 0.0117712 secs]497.808: [scrub string table, 0.0011409 secs][1 CMS-remark: 421473K(705648K)] 1004403K(1319088K), 0.0714478 secs] [Times: user=0.41 sys=0.00, real=0.07 secs] 
497.809: [CMS-concurrent-sweep-start]
497.933: [CMS-concurrent-sweep: 0.123/0.123 secs] [Times: user=0.13 sys=0.00, real=0.12 secs] 
497.933: [CMS-concurrent-reset-start]
497.950: [CMS-concurrent-reset: 0.017/0.017 secs] [Times: user=0.02 sys=0.00, real=0.02 secs] 
499.949: [GC (CMS Initial Mark) [1 CMS-initial-mark: 421473K(705648K)] 1004403K(1319088K), 0.0431842 secs] [Times: user=0.33 sys=0.00, real=0.04 secs] 
499.993: [CMS-concurrent-mark-start]
500.404: [CMS-concurrent-mark: 0.411/0.411 secs] [Times: user=0.81 sys=0.00, real=0.41 secs] 
500.404: [CMS-concurrent-preclean-start]
500.407: [CMS-concurrent-preclean: 0.003/0.003 secs] [Times: user=0.00 sys=0.00, real=0.00 secs] 
500.407: [CMS-concurrent-abortable-preclean-start]
 CMS: abort preclean due to time 505.632: [CMS-concurrent-abortable-preclean: 4.523/5.225 secs] [Times: user=4.49 sys=0.00, real=5.22 secs] 
505.632: [GC (CMS Final Remark) [YG occupancy: 582929 K (613440 K)]505.632: [Rescan (parallel) , 0.0456699 secs]505.678: [weak refs processing, 0.0000805 secs]505.678: [class unloading, 0.0174070 secs]505.695: [scrub symbol table, 0.0144154 secs]505.710: [scrub string table, 0.0012893 secs][1 CMS-remark: 421473K(705648K)] 1004403K(1319088K), 0.0794056 secs] [Times: user=0.42 sys=0.00, real=0.08 secs] 
505.711: [CMS-concurrent-sweep-start]
505.835: [CMS-concurrent-sweep: 0.123/0.123 secs] [Times: user=0.11 sys=0.00, real=0.12 secs] 
505.835: [CMS-concurrent-reset-start]
505.851: [CMS-concurrent-reset: 0.016/0.016 secs] [Times: user=0.02 sys=0.00, real=0.02 secs] 
507.850: [GC (CMS Initial Mark) [1 CMS-initial-mark: 421473K(705648K)] 1004403K(1319088K), 0.0442841 secs] [Times: user=0.38 sys=0.00, real=0.04 secs] 
507.895: [CMS-concurrent-mark-start]
508.346: [CMS-concurrent-mark: 0.451/0.451 secs] [Times: user=0.91 sys=0.00, real=0.45 secs] 
508.346: [CMS-concurrent-preclean-start]
508.350: [CMS-concurrent-preclean: 0.004/0.004 secs] [Times: user=0.00 sys=0.00, real=0.00 secs] 
508.350: [CMS-concurrent-abortable-preclean-start]
 CMS: abort preclean due to time 513.397: [CMS-concurrent-abortable-preclean: 4.344/5.047 secs] [Times: user=4.34 sys=0.00, real=5.05 secs] 
513.398: [GC (CMS Final Remark) [YG occupancy: 582929 K (613440 K)]513.398: [Rescan (parallel) , 0.0451908 secs]513.443: [weak refs processing, 0.0000537 secs]513.443: [class unloading, 0.0127021 secs]513.456: [scrub symbol table, 0.0114972 secs]513.467: [scrub string table, 0.0011483 secs][1 CMS-remark: 421473K(705648K)] 1004403K(1319088K), 0.0710955 secs] [Times: user=0.41 sys=0.00, real=0.07 secs] 
513.469: [CMS-concurrent-sweep-start]
513.590: [CMS-concurrent-sweep: 0.121/0.121 secs] [Times: user=0.13 sys=0.00, real=0.12 secs] 
513.590: [CMS-concurrent-reset-start]
513.606: [CMS-concurrent-reset: 0.015/0.015 secs] [Times: user=0.01 sys=0.00, real=0.02 secs] 
515.606: [GC (CMS Initial Mark) [1 CMS-initial-mark: 421473K(705648K)] 1004403K(1319088K), 0.0475925 secs] [Times: user=0.38 sys=0.00, real=0.05 secs] 
515.653: [CMS-concurrent-mark-start]
516.084: [CMS-concurrent-mark: 0.431/0.431 secs] [Times: user=0.84 sys=0.00, real=0.43 secs] 
516.084: [CMS-concurrent-preclean-start]
516.088: [CMS-concurrent-preclean: 0.004/0.004 secs] [Times: user=0.02 sys=0.00, real=0.00 secs] 
516.088: [CMS-concurrent-abortable-preclean-start]
 CMS: abort preclean due to time 521.178: [CMS-concurrent-abortable-preclean: 4.387/5.090 secs] [Times: user=4.42 sys=0.00, real=5.09 secs] 
521.178: [GC (CMS Final Remark) [YG occupancy: 582929 K (613440 K)]521.178: [Rescan (parallel) , 0.0451401 secs]521.223: [weak refs processing, 0.0000604 secs]521.223: [class unloading, 0.0118906 secs]521.235: [scrub symbol table, 0.0117230 secs]521.247: [scrub string table, 0.0011337 secs][1 CMS-remark: 421473K(705648K)] 1004403K(1319088K), 0.0704977 secs] [Times: user=0.41 sys=0.00, real=0.07 secs] 
521.249: [CMS-concurrent-sweep-start]
521.375: [CMS-concurrent-sweep: 0.126/0.126 secs] [Times: user=0.13 sys=0.00, real=0.13 secs] 
521.375: [CMS-concurrent-reset-start]
521.391: [CMS-concurrent-reset: 0.016/0.016 secs] [Times: user=0.02 sys=0.00, real=0.02 secs] 
523.391: [GC (CMS Initial Mark) [1 CMS-initial-mark: 421473K(705648K)] 1004403K(1319088K), 0.0460521 secs] [Times: user=0.38 sys=0.00, real=0.05 secs] 
523.437: [CMS-concurrent-mark-start]
523.872: [CMS-concurrent-mark: 0.435/0.435 secs] [Times: user=0.88 sys=0.00, real=0.44 secs] 
523.872: [CMS-concurrent-preclean-start]
523.876: [CMS-concurrent-preclean: 0.004/0.004 secs] [Times: user=0.00 sys=0.00, real=0.00 secs] 
523.876: [CMS-concurrent-abortable-preclean-start]
 CMS: abort preclean due to time 529.109: [CMS-concurrent-abortable-preclean: 4.530/5.233 secs] [Times: user=4.53 sys=0.00, real=5.23 secs] 
529.109: [GC (CMS Final Remark) [YG occupancy: 582929 K (613440 K)]529.109: [Rescan (parallel) , 0.0450984 secs]529.154: [weak refs processing, 0.0000577 secs]529.155: [class unloading, 0.0129528 secs]529.168: [scrub symbol table, 0.0117175 secs]529.179: [scrub string table, 0.0011355 secs][1 CMS-remark: 421473K(705648K)] 1004403K(1319088K), 0.0714573 secs] [Times: user=0.41 sys=0.00, real=0.07 secs] 
529.181: [CMS-concurrent-sweep-start]
529.306: [CMS-concurrent-sweep: 0.125/0.125 secs] [Times: user=0.13 sys=0.00, real=0.13 secs] 
529.306: [CMS-concurrent-reset-start]
529.322: [CMS-concurrent-reset: 0.016/0.016 secs] [Times: user=0.01 sys=0.00, real=0.02 secs] 
531.322: [GC (CMS Initial Mark) [1 CMS-initial-mark: 421473K(705648K)] 1004403K(1319088K), 0.0439424 secs] [Times: user=0.25 sys=0.00, real=0.04 secs] 
531.366: [CMS-concurrent-mark-start]
531.789: [CMS-concurrent-mark: 0.423/0.423 secs] [Times: user=0.84 sys=0.00, real=0.42 secs] 
531.789: [CMS-concurrent-preclean-start]
531.791: [CMS-concurrent-preclean: 0.002/0.002 secs] [Times: user=0.02 sys=0.00, real=0.00 secs] 
531.791: [CMS-concurrent-abortable-preclean-start]
 CMS: abort preclean due to time 536.806: [CMS-concurrent-abortable-preclean: 4.381/5.015 secs] [Times: user=4.42 sys=0.02, real=5.02 secs] 
536.806: [GC (CMS Final Remark) [YG occupancy: 582929 K (613440 K)]536.806: [Rescan (parallel) , 0.0481247 secs]536.854: [weak refs processing, 0.0000536 secs]536.854: [class unloading, 0.0119415 secs]536.866: [scrub symbol table, 0.0118317 secs]536.878: [scrub string table, 0.0011528 secs][1 CMS-remark: 421473K(705648K)] 1004403K(1319088K), 0.0736019 secs] [Times: user=0.39 sys=0.00, real=0.07 secs] 
536.880: [CMS-concurrent-sweep-start]
537.001: [CMS-concurrent-sweep: 0.121/0.121 secs] [Times: user=0.13 sys=0.00, real=0.12 secs] 
537.001: [CMS-concurrent-reset-start]
537.017: [CMS-concurrent-reset: 0.016/0.016 secs] [Times: user=0.02 sys=0.00, real=0.02 secs] 
539.016: [GC (CMS Initial Mark) [1 CMS-initial-mark: 421473K(705648K)] 1004403K(1319088K), 0.0450621 secs] [Times: user=0.38 sys=0.00, real=0.05 secs] 
539.061: [CMS-concurrent-mark-start]
539.557: [CMS-concurrent-mark: 0.496/0.496 secs] [Times: user=0.98 sys=0.00, real=0.50 secs] 
539.557: [CMS-concurrent-preclean-start]
539.562: [CMS-concurrent-preclean: 0.004/0.004 secs] [Times: user=0.00 sys=0.00, real=0.00 secs] 
539.562: [CMS-concurrent-abortable-preclean-start]
 CMS: abort preclean due to time 544.606: [CMS-concurrent-abortable-preclean: 4.442/5.044 secs] [Times: user=4.42 sys=0.02, real=5.04 secs] 
544.606: [GC (CMS Final Remark) [YG occupancy: 582929 K (613440 K)]544.606: [Rescan (parallel) , 0.0630032 secs]544.669: [weak refs processing, 0.0000837 secs]544.669: [class unloading, 0.0172553 secs]544.686: [scrub symbol table, 0.0148447 secs]544.701: [scrub string table, 0.0012699 secs][1 CMS-remark: 421473K(705648K)] 1004403K(1319088K), 0.0970302 secs] [Times: user=0.48 sys=0.00, real=0.10 secs] 
544.703: [CMS-concurrent-sweep-start]
544.836: [CMS-concurrent-sweep: 0.133/0.133 secs] [Times: user=0.14 sys=0.00, real=0.13 secs] 
544.836: [CMS-concurrent-reset-start]
544.852: [CMS-concurrent-reset: 0.016/0.016 secs] [Times: user=0.01 sys=0.00, real=0.02 secs] 
546.852: [GC (CMS Initial Mark) [1 CMS-initial-mark: 421473K(705648K)] 1004403K(1319088K), 0.0463417 secs] [Times: user=0.25 sys=0.00, real=0.04 secs] 
546.898: [CMS-concurrent-mark-start]
547.357: [CMS-concurrent-mark: 0.459/0.459 secs] [Times: user=0.94 sys=0.02, real=0.46 secs] 
547.357: [CMS-concurrent-preclean-start]
547.361: [CMS-concurrent-preclean: 0.003/0.003 secs] [Times: user=0.00 sys=0.00, real=0.00 secs] 
547.361: [CMS-concurrent-abortable-preclean-start]
 CMS: abort preclean due to time 552.572: [CMS-concurrent-abortable-preclean: 4.810/5.212 secs] [Times: user=5.70 sys=0.11, real=5.21 secs] 
552.573: [GC (CMS Final Remark) [YG occupancy: 597081 K (613440 K)]552.573: [Rescan (parallel) , 0.0498923 secs]552.623: [weak refs processing, 0.0000780 secs]552.623: [class unloading, 0.0126175 secs]552.635: [scrub symbol table, 0.0134395 secs]552.649: [scrub string table, 0.0013819 secs][1 CMS-remark: 421473K(705648K)] 1018555K(1319088K), 0.0779488 secs] [Times: user=0.41 sys=0.00, real=0.08 secs] 
552.651: [CMS-concurrent-sweep-start]
552.785: [CMS-concurrent-sweep: 0.134/0.134 secs] [Times: user=0.13 sys=0.00, real=0.13 secs] 
552.785: [CMS-concurrent-reset-start]
552.804: [CMS-concurrent-reset: 0.019/0.019 secs] [Times: user=0.02 sys=0.00, real=0.02 secs] 
554.803: [GC (CMS Initial Mark) [1 CMS-initial-mark: 421473K(705648K)] 1018555K(1319088K), 0.0476673 secs] [Times: user=0.33 sys=0.00, real=0.05 secs] 
554.851: [CMS-concurrent-mark-start]
555.290: [CMS-concurrent-mark: 0.439/0.439 secs] [Times: user=0.91 sys=0.00, real=0.44 secs] 
555.290: [CMS-concurrent-preclean-start]
555.292: [CMS-concurrent-preclean: 0.003/0.003 secs] [Times: user=0.00 sys=0.00, real=0.00 secs] 
555.293: [CMS-concurrent-abortable-preclean-start]
 CMS: abort preclean due to time 560.352: [CMS-concurrent-abortable-preclean: 4.359/5.060 secs] [Times: user=4.31 sys=0.00, real=5.06 secs] 
560.352: [GC (CMS Final Remark) [YG occupancy: 597081 K (613440 K)]560.352: [Rescan (parallel) , 0.0483885 secs]560.401: [weak refs processing, 0.0000599 secs]560.401: [class unloading, 0.0135778 secs]560.414: [scrub symbol table, 0.0124398 secs]560.427: [scrub string table, 0.0011716 secs][1 CMS-remark: 421473K(705648K)] 1018555K(1319088K), 0.0761735 secs] [Times: user=0.39 sys=0.00, real=0.08 secs] 
560.429: [CMS-concurrent-sweep-start]
560.569: [CMS-concurrent-sweep: 0.140/0.140 secs] [Times: user=0.14 sys=0.00, real=0.14 secs] 
560.569: [CMS-concurrent-reset-start]
560.587: [CMS-concurrent-reset: 0.018/0.018 secs] [Times: user=0.03 sys=0.00, real=0.02 secs] 
562.586: [GC (CMS Initial Mark) [1 CMS-initial-mark: 421473K(705648K)] 1018555K(1319088K), 0.0477535 secs] [Times: user=0.38 sys=0.00, real=0.05 secs] 
562.634: [CMS-concurrent-mark-start]
563.078: [CMS-concurrent-mark: 0.444/0.444 secs] [Times: user=0.88 sys=0.00, real=0.44 secs] 
563.078: [CMS-concurrent-preclean-start]
563.081: [CMS-concurrent-preclean: 0.003/0.003 secs] [Times: user=0.00 sys=0.00, real=0.00 secs] 
563.081: [CMS-concurrent-abortable-preclean-start]
 CMS: abort preclean due to time 568.278: [CMS-concurrent-abortable-preclean: 4.496/5.197 secs] [Times: user=4.45 sys=0.00, real=5.20 secs] 
568.279: [GC (CMS Final Remark) [YG occupancy: 597081 K (613440 K)]568.279: [Rescan (parallel) , 0.0489497 secs]568.328: [weak refs processing, 0.0000472 secs]568.328: [class unloading, 0.0132733 secs]568.341: [scrub symbol table, 0.0115117 secs]568.352: [scrub string table, 0.0011355 secs][1 CMS-remark: 421473K(705648K)] 1018555K(1319088K), 0.0754224 secs] [Times: user=0.38 sys=0.00, real=0.08 secs] 
568.354: [CMS-concurrent-sweep-start]
568.483: [CMS-concurrent-sweep: 0.128/0.128 secs] [Times: user=0.13 sys=0.00, real=0.13 secs] 
568.483: [CMS-concurrent-reset-start]
568.499: [CMS-concurrent-reset: 0.017/0.017 secs] [Times: user=0.02 sys=0.00, real=0.02 secs] 
570.501: [GC (CMS Initial Mark) [1 CMS-initial-mark: 421473K(705648K)] 1018555K(1319088K), 0.0453633 secs] [Times: user=0.38 sys=0.00, real=0.04 secs] 
570.546: [CMS-concurrent-mark-start]
570.982: [CMS-concurrent-mark: 0.436/0.436 secs] [Times: user=0.86 sys=0.00, real=0.44 secs] 
570.982: [CMS-concurrent-preclean-start]
570.984: [CMS-concurrent-preclean: 0.002/0.002 secs] [Times: user=0.00 sys=0.00, real=0.00 secs] 
570.984: [CMS-concurrent-abortable-preclean-start]
 CMS: abort preclean due to time 576.089: [CMS-concurrent-abortable-preclean: 4.401/5.104 secs] [Times: user=4.38 sys=0.01, real=5.11 secs] 
576.089: [GC (CMS Final Remark) [YG occupancy: 597081 K (613440 K)]576.089: [Rescan (parallel) , 0.0601534 secs]576.149: [weak refs processing, 0.0000749 secs]576.149: [class unloading, 0.0180990 secs]576.167: [scrub symbol table, 0.0164496 secs]576.184: [scrub string table, 0.0012101 secs][1 CMS-remark: 421473K(705648K)] 1018555K(1319088K), 0.0965628 secs] [Times: user=0.42 sys=0.00, real=0.10 secs] 
576.186: [CMS-concurrent-sweep-start]
576.307: [CMS-concurrent-sweep: 0.121/0.121 secs] [Times: user=0.13 sys=0.00, real=0.12 secs] 
576.307: [CMS-concurrent-reset-start]
576.323: [CMS-concurrent-reset: 0.016/0.016 secs] [Times: user=0.02 sys=0.00, real=0.02 secs] 
578.324: [GC (CMS Initial Mark) [1 CMS-initial-mark: 421473K(705648K)] 1018555K(1319088K), 0.0449603 secs] [Times: user=0.38 sys=0.00, real=0.05 secs] 
578.369: [CMS-concurrent-mark-start]
578.795: [CMS-concurrent-mark: 0.425/0.425 secs] [Times: user=0.84 sys=0.00, real=0.42 secs] 
578.795: [CMS-concurrent-preclean-start]
578.797: [CMS-concurrent-preclean: 0.003/0.003 secs] [Times: user=0.00 sys=0.00, real=0.00 secs] 
578.798: [CMS-concurrent-abortable-preclean-start]
 CMS: abort preclean due to time 584.004: [CMS-concurrent-abortable-preclean: 4.504/5.207 secs] [Times: user=4.50 sys=0.00, real=5.21 secs] 
584.005: [GC (CMS Final Remark) [YG occupancy: 597081 K (613440 K)]584.005: [Rescan (parallel) , 0.0539278 secs]584.059: [weak refs processing, 0.0000766 secs]584.059: [class unloading, 0.0125908 secs]584.071: [scrub symbol table, 0.0156940 secs]584.087: [scrub string table, 0.0012866 secs][1 CMS-remark: 421473K(705648K)] 1018555K(1319088K), 0.0842367 secs] [Times: user=0.52 sys=0.00, real=0.08 secs] 
584.089: [CMS-concurrent-sweep-start]
584.223: [CMS-concurrent-sweep: 0.134/0.134 secs] [Times: user=0.13 sys=0.00, real=0.13 secs] 
584.223: [CMS-concurrent-reset-start]
584.243: [CMS-concurrent-reset: 0.019/0.019 secs] [Times: user=0.02 sys=0.00, real=0.02 secs] 
